WARNING: log4j.properties is not found. HADOOP_CONF_DIR may be incomplete.
2025-11-15 22:28:48,752 INFO  [main] pig.ExecTypeProvider (ExecTypeProvider.java:selectExecType(41)) - Trying ExecType : LOCAL
2025-11-15 22:28:48,754 INFO  [main] pig.ExecTypeProvider (ExecTypeProvider.java:selectExecType(41)) - Trying ExecType : MAPREDUCE
2025-11-15 22:28:48,756 INFO  [main] pig.ExecTypeProvider (ExecTypeProvider.java:selectExecType(43)) - Picked MAPREDUCE as the ExecType
2025-11-15 22:28:48,809 [main] INFO  org.apache.pig.Main - Apache Pig version 0.17.0 (r1797386) compiled Jun 02 2017, 15:41:58
2025-11-15 22:28:48,809 [main] INFO  org.apache.pig.Main - Logging error messages to: /opt/pig-0.17.0/scripts/pig_1763245728794.log
2025-11-15 22:28:49,062 [main] INFO  org.apache.pig.impl.util.Utils - Default bootup file /root/.pigbootup not found
2025-11-15 22:28:49,160 [main] INFO  org.apache.hadoop.conf.Configuration.deprecation - mapred.job.tracker is deprecated. Instead, use mapreduce.jobtracker.address
2025-11-15 22:28:49,160 [main] INFO  org.apache.pig.backend.hadoop.executionengine.HExecutionEngine - Connecting to hadoop file system at: hdfs://namenode:8020
2025-11-15 22:28:49,573 [main] INFO  org.apache.pig.PigServer - Pig Script ID for the session: PIG-traffic_analysis.pig-2785bced-354e-41c5-8512-78e12215a3db
2025-11-15 22:28:49,573 [main] WARN  org.apache.pig.PigServer - ATS is disabled since yarn.timeline-service.enabled set to false
2025-11-15 22:28:49,616 [main] INFO  org.apache.pig.scripting.jython.JythonScriptEngine - created tmp python.cachedir=/tmp/pig_jython_2103547206686839659
2025-11-15 22:28:51,666 [main] WARN  org.apache.pig.scripting.jython.JythonScriptEngine - pig.cmd.args.remainders is empty. This is not expected unless on testing.
2025-11-15 22:28:51,744 [main] INFO  org.apache.pig.scripting.jython.JythonScriptEngine - Register scripting UDF: text_utils._load_stopwords
2025-11-15 22:28:52,385 [main] WARN  org.apache.pig.newplan.BaseOperatorPlan - Encountered Warning IMPLICIT_CAST_TO_LONG 4 time(s).
2025-11-15 22:28:52,388 [main] INFO  org.apache.hadoop.conf.Configuration.deprecation - mapred.textoutputformat.separator is deprecated. Instead, use mapreduce.output.textoutputformat.separator
2025-11-15 22:28:52,421 [main] INFO  org.apache.pig.tools.pigstats.ScriptState - Pig features used in the script: GROUP_BY
2025-11-15 22:28:52,441 [main] INFO  org.apache.pig.data.SchemaTupleBackend - Key [pig.schematuple] was not set... will not generate code.
2025-11-15 22:28:52,461 [main] INFO  org.apache.pig.newplan.logical.optimizer.LogicalPlanOptimizer - {RULES_ENABLED=[AddForEach, ColumnMapKeyPrune, ConstantCalculator, GroupByConstParallelSetter, LimitOptimizer, LoadTypeCastInserter, MergeFilter, MergeForEach, NestedLimitOptimizer, PartitionFilterOptimizer, PredicatePushdownOptimizer, PushDownForEachFlatten, PushUpFilter, SplitFilter, StreamTypeCastInserter]}
2025-11-15 22:28:52,487 [main] INFO  org.apache.pig.impl.util.SpillableMemoryManager - Selected heap (PS Old Gen) of size 699400192 to monitor. collectionUsageThreshold = 489580128, usageThreshold = 489580128
2025-11-15 22:28:52,604 [main] INFO  org.apache.pig.backend.hadoop.executionengine.mapReduceLayer.MRCompiler - File concatenation threshold: 100 optimistic? false
2025-11-15 22:28:52,616 [main] INFO  org.apache.pig.backend.hadoop.executionengine.util.CombinerOptimizerUtil - Choosing to move algebraic foreach to combiner
2025-11-15 22:28:52,622 [main] INFO  org.apache.pig.backend.hadoop.executionengine.util.CombinerOptimizerUtil - Choosing to move algebraic foreach to combiner
2025-11-15 22:28:52,624 [main] INFO  org.apache.pig.backend.hadoop.executionengine.util.CombinerOptimizerUtil - Choosing to move algebraic foreach to combiner
2025-11-15 22:28:52,639 [main] INFO  org.apache.pig.backend.hadoop.executionengine.mapReduceLayer.MultiQueryOptimizer - MR plan size before optimization: 4
2025-11-15 22:28:52,640 [main] INFO  org.apache.pig.backend.hadoop.executionengine.mapReduceLayer.MultiQueryOptimizer - Merged MR job 316 into MR job 313
2025-11-15 22:28:52,640 [main] INFO  org.apache.pig.backend.hadoop.executionengine.mapReduceLayer.MultiQueryOptimizer - Merged MR job 318 into MR job 313
2025-11-15 22:28:52,640 [main] INFO  org.apache.pig.backend.hadoop.executionengine.mapReduceLayer.MultiQueryOptimizer - Merged MR job 320 into MR job 313
2025-11-15 22:28:52,640 [main] INFO  org.apache.pig.backend.hadoop.executionengine.mapReduceLayer.MultiQueryOptimizer - Requested parallelism of splitter: 1
2025-11-15 22:28:52,640 [main] INFO  org.apache.pig.backend.hadoop.executionengine.mapReduceLayer.MultiQueryOptimizer - Merged 3 map-reduce splittees.
2025-11-15 22:28:52,640 [main] INFO  org.apache.pig.backend.hadoop.executionengine.mapReduceLayer.MultiQueryOptimizer - Merged 3 out of total 4 MR operators.
2025-11-15 22:28:52,641 [main] INFO  org.apache.pig.backend.hadoop.executionengine.mapReduceLayer.MultiQueryOptimizer - MR plan size after optimization: 1
2025-11-15 22:28:52,686 [main] WARN  org.apache.hadoop.metrics2.impl.MetricsConfig - Cannot locate configuration: tried hadoop-metrics2-jobtracker.properties,hadoop-metrics2.properties
2025-11-15 22:28:52,734 [main] INFO  org.apache.hadoop.metrics2.impl.MetricsSystemImpl - Scheduled Metric snapshot period at 10 second(s).
2025-11-15 22:28:52,734 [main] INFO  org.apache.hadoop.metrics2.impl.MetricsSystemImpl - JobTracker metrics system started
2025-11-15 22:28:52,753 [main] INFO  org.apache.pig.tools.pigstats.mapreduce.MRScriptState - Pig script settings are added to the job
2025-11-15 22:28:52,758 [main] INFO  org.apache.hadoop.conf.Configuration.deprecation - mapred.job.reduce.markreset.buffer.percent is deprecated. Instead, use mapreduce.reduce.markreset.buffer.percent
2025-11-15 22:28:52,758 [main] INFO  org.apache.pig.backend.hadoop.executionengine.mapReduceLayer.JobControlCompiler - mapred.job.reduce.markreset.buffer.percent is not set, set to default 0.3
2025-11-15 22:28:52,760 [main] INFO  org.apache.hadoop.conf.Configuration.deprecation - mapred.output.compress is deprecated. Instead, use mapreduce.output.fileoutputformat.compress
2025-11-15 22:28:52,761 [main] INFO  org.apache.pig.backend.hadoop.executionengine.mapReduceLayer.JobControlCompiler - Reduce phase detected, estimating # of required reducers.
2025-11-15 22:28:52,762 [main] INFO  org.apache.pig.backend.hadoop.executionengine.mapReduceLayer.JobControlCompiler - Setting Parallelism to 1
2025-11-15 22:28:52,762 [main] INFO  org.apache.hadoop.conf.Configuration.deprecation - mapred.reduce.tasks is deprecated. Instead, use mapreduce.job.reduces
2025-11-15 22:28:52,763 [main] INFO  org.apache.pig.backend.hadoop.executionengine.mapReduceLayer.JobControlCompiler - This job cannot be converted run in-process
2025-11-15 22:28:52,773 [main] INFO  org.apache.hadoop.conf.Configuration.deprecation - mapred.submit.replication is deprecated. Instead, use mapreduce.client.submit.file.replication
2025-11-15 22:28:52,835 [Thread-10] INFO  org.apache.hadoop.hdfs.protocol.datatransfer.sasl.SaslDataTransferClient - SASL encryption trust check: localHostTrusted = false, remoteHostTrusted = false
2025-11-15 22:28:52,902 [main] INFO  org.apache.pig.backend.hadoop.executionengine.mapReduceLayer.JobControlCompiler - Added jar file:/opt/pig-0.17.0/pig-0.17.0-core-h2.jar to DistributedCache through /tmp/temp1267625857/tmp508796296/pig-0.17.0-core-h2.jar
2025-11-15 22:28:52,908 [Thread-13] INFO  org.apache.hadoop.hdfs.protocol.datatransfer.sasl.SaslDataTransferClient - SASL encryption trust check: localHostTrusted = false, remoteHostTrusted = false
2025-11-15 22:28:52,975 [main] INFO  org.apache.pig.backend.hadoop.executionengine.mapReduceLayer.JobControlCompiler - Added jar file:/opt/pig-0.17.0/lib/jython-standalone-2.7.0.jar to DistributedCache through /tmp/temp1267625857/tmp1889651730/jython-standalone-2.7.0.jar
2025-11-15 22:28:52,983 [Thread-15] INFO  org.apache.hadoop.hdfs.protocol.datatransfer.sasl.SaslDataTransferClient - SASL encryption trust check: localHostTrusted = false, remoteHostTrusted = false
2025-11-15 22:28:52,990 [main] INFO  org.apache.pig.backend.hadoop.executionengine.mapReduceLayer.JobControlCompiler - Added jar file:/opt/pig-0.17.0/lib/automaton-1.11-8.jar to DistributedCache through /tmp/temp1267625857/tmp788196623/automaton-1.11-8.jar
2025-11-15 22:28:52,997 [Thread-17] INFO  org.apache.hadoop.hdfs.protocol.datatransfer.sasl.SaslDataTransferClient - SASL encryption trust check: localHostTrusted = false, remoteHostTrusted = false
2025-11-15 22:28:53,003 [main] INFO  org.apache.pig.backend.hadoop.executionengine.mapReduceLayer.JobControlCompiler - Added jar file:/opt/pig-0.17.0/lib/antlr-runtime-3.4.jar to DistributedCache through /tmp/temp1267625857/tmp-2072915576/antlr-runtime-3.4.jar
2025-11-15 22:28:53,010 [Thread-19] INFO  org.apache.hadoop.hdfs.protocol.datatransfer.sasl.SaslDataTransferClient - SASL encryption trust check: localHostTrusted = false, remoteHostTrusted = false
2025-11-15 22:28:53,018 [main] INFO  org.apache.pig.backend.hadoop.executionengine.mapReduceLayer.JobControlCompiler - Added jar file:/opt/pig-0.17.0/lib/joda-time-2.9.3.jar to DistributedCache through /tmp/temp1267625857/tmp477803009/joda-time-2.9.3.jar
2025-11-15 22:28:53,028 [Thread-21] INFO  org.apache.hadoop.hdfs.protocol.datatransfer.sasl.SaslDataTransferClient - SASL encryption trust check: localHostTrusted = false, remoteHostTrusted = false
2025-11-15 22:28:53,035 [main] INFO  org.apache.pig.backend.hadoop.executionengine.mapReduceLayer.JobControlCompiler - Added jar file:/tmp/PigScriptUDF-77a94f4df0ed0b51ef54aaddbf6239b9.jar to DistributedCache through /tmp/temp1267625857/tmp22304759/PigScriptUDF-77a94f4df0ed0b51ef54aaddbf6239b9.jar
2025-11-15 22:28:53,042 [main] INFO  org.apache.pig.backend.hadoop.executionengine.mapReduceLayer.JobControlCompiler - Setting up multi store job
2025-11-15 22:28:53,049 [main] INFO  org.apache.pig.data.SchemaTupleFrontend - Key [pig.schematuple] is false, will not generate code.
2025-11-15 22:28:53,049 [main] INFO  org.apache.pig.data.SchemaTupleFrontend - Starting process to move generated code to distributed cacche
2025-11-15 22:28:53,049 [main] INFO  org.apache.pig.data.SchemaTupleFrontend - Setting key [pig.schematuple.classes] with classes to deserialize []
2025-11-15 22:28:53,173 [main] INFO  org.apache.pig.backend.hadoop.executionengine.mapReduceLayer.MapReduceLauncher - 1 map-reduce job(s) waiting for submission.
2025-11-15 22:28:53,179 [JobControl] WARN  org.apache.hadoop.metrics2.impl.MetricsSystemImpl - JobTracker metrics system already initialized!
2025-11-15 22:28:53,194 [JobControl] INFO  org.apache.hadoop.conf.Configuration.deprecation - mapred.task.id is deprecated. Instead, use mapreduce.task.attempt.id
2025-11-15 22:28:53,236 [JobControl] WARN  org.apache.hadoop.mapreduce.JobResourceUploader - No job jar file set.  User classes may not be found. See Job or Job#setJar(String).
2025-11-15 22:28:53,256 [JobControl] INFO  org.apache.pig.builtin.PigStorage - Using PigTextInputFormat
2025-11-15 22:28:53,261 [JobControl] INFO  org.apache.hadoop.mapreduce.lib.input.FileInputFormat - Total input files to process : 1
2025-11-15 22:28:53,261 [JobControl] INFO  org.apache.pig.backend.hadoop.executionengine.util.MapRedUtil - Total input paths to process : 1
2025-11-15 22:28:53,276 [JobControl] INFO  org.apache.pig.backend.hadoop.executionengine.util.MapRedUtil - Total input paths (combined) to process : 1
2025-11-15 22:28:53,288 [JobControl] INFO  org.apache.hadoop.mapreduce.JobSubmitter - number of splits:1
2025-11-15 22:28:53,383 [JobControl] INFO  org.apache.hadoop.mapreduce.JobSubmitter - Submitting tokens for job: job_local178192717_0001
2025-11-15 22:28:53,383 [JobControl] INFO  org.apache.hadoop.mapreduce.JobSubmitter - Executing with tokens: []
2025-11-15 22:28:53,509 [LocalDistributedCacheManager Downloader #0] INFO  org.apache.hadoop.hdfs.protocol.datatransfer.sasl.SaslDataTransferClient - SASL encryption trust check: localHostTrusted = false, remoteHostTrusted = false
2025-11-15 22:28:53,547 [LocalDistributedCacheManager Downloader #2] INFO  org.apache.hadoop.hdfs.protocol.datatransfer.sasl.SaslDataTransferClient - SASL encryption trust check: localHostTrusted = false, remoteHostTrusted = false
2025-11-15 22:28:53,550 [LocalDistributedCacheManager Downloader #3] INFO  org.apache.hadoop.hdfs.protocol.datatransfer.sasl.SaslDataTransferClient - SASL encryption trust check: localHostTrusted = false, remoteHostTrusted = false
2025-11-15 22:28:53,556 [JobControl] INFO  org.apache.hadoop.mapred.LocalDistributedCacheManager - Creating symlink: /tmp/hadoop-root/mapred/local/job_local178192717_0001_6c6186a2-329f-4247-b8b6-cb7153fb9104/pig-0.17.0-core-h2.jar <- /opt/pig-0.17.0/scripts/pig-0.17.0-core-h2.jar
2025-11-15 22:28:53,559 [LocalDistributedCacheManager Downloader #4] INFO  org.apache.hadoop.hdfs.protocol.datatransfer.sasl.SaslDataTransferClient - SASL encryption trust check: localHostTrusted = false, remoteHostTrusted = false
2025-11-15 22:28:53,567 [JobControl] INFO  org.apache.hadoop.mapred.LocalDistributedCacheManager - Localized hdfs://namenode:8020/tmp/temp1267625857/tmp508796296/pig-0.17.0-core-h2.jar as file:/tmp/hadoop-root/mapred/local/job_local178192717_0001_6c6186a2-329f-4247-b8b6-cb7153fb9104/pig-0.17.0-core-h2.jar
2025-11-15 22:28:53,639 [JobControl] INFO  org.apache.hadoop.mapred.LocalDistributedCacheManager - Creating symlink: /tmp/hadoop-root/mapred/local/job_local178192717_0001_31624df5-27bc-4995-8e0f-5143c577db09/jython-standalone-2.7.0.jar <- /opt/pig-0.17.0/scripts/jython-standalone-2.7.0.jar
2025-11-15 22:28:53,641 [JobControl] INFO  org.apache.hadoop.mapred.LocalDistributedCacheManager - Localized hdfs://namenode:8020/tmp/temp1267625857/tmp1889651730/jython-standalone-2.7.0.jar as file:/tmp/hadoop-root/mapred/local/job_local178192717_0001_31624df5-27bc-4995-8e0f-5143c577db09/jython-standalone-2.7.0.jar
2025-11-15 22:28:53,641 [JobControl] INFO  org.apache.hadoop.mapred.LocalDistributedCacheManager - Creating symlink: /tmp/hadoop-root/mapred/local/job_local178192717_0001_7a6f27ee-f0e0-4a7b-be06-cb4c3e616950/automaton-1.11-8.jar <- /opt/pig-0.17.0/scripts/automaton-1.11-8.jar
2025-11-15 22:28:53,642 [JobControl] INFO  org.apache.hadoop.mapred.LocalDistributedCacheManager - Localized hdfs://namenode:8020/tmp/temp1267625857/tmp788196623/automaton-1.11-8.jar as file:/tmp/hadoop-root/mapred/local/job_local178192717_0001_7a6f27ee-f0e0-4a7b-be06-cb4c3e616950/automaton-1.11-8.jar
2025-11-15 22:28:53,642 [JobControl] INFO  org.apache.hadoop.mapred.LocalDistributedCacheManager - Creating symlink: /tmp/hadoop-root/mapred/local/job_local178192717_0001_6c47e801-a192-426f-88cb-70326c883eab/antlr-runtime-3.4.jar <- /opt/pig-0.17.0/scripts/antlr-runtime-3.4.jar
2025-11-15 22:28:53,644 [JobControl] INFO  org.apache.hadoop.mapred.LocalDistributedCacheManager - Localized hdfs://namenode:8020/tmp/temp1267625857/tmp-2072915576/antlr-runtime-3.4.jar as file:/tmp/hadoop-root/mapred/local/job_local178192717_0001_6c47e801-a192-426f-88cb-70326c883eab/antlr-runtime-3.4.jar
2025-11-15 22:28:53,644 [JobControl] INFO  org.apache.hadoop.mapred.LocalDistributedCacheManager - Creating symlink: /tmp/hadoop-root/mapred/local/job_local178192717_0001_93f57276-479a-40fa-91ee-18b8a6d701e1/joda-time-2.9.3.jar <- /opt/pig-0.17.0/scripts/joda-time-2.9.3.jar
2025-11-15 22:28:53,646 [JobControl] INFO  org.apache.hadoop.mapred.LocalDistributedCacheManager - Localized hdfs://namenode:8020/tmp/temp1267625857/tmp477803009/joda-time-2.9.3.jar as file:/tmp/hadoop-root/mapred/local/job_local178192717_0001_93f57276-479a-40fa-91ee-18b8a6d701e1/joda-time-2.9.3.jar
2025-11-15 22:28:53,646 [JobControl] INFO  org.apache.hadoop.mapred.LocalDistributedCacheManager - Creating symlink: /tmp/hadoop-root/mapred/local/job_local178192717_0001_9cd18667-9fbc-4186-85e4-fcb0eebf72f3/PigScriptUDF-77a94f4df0ed0b51ef54aaddbf6239b9.jar <- /opt/pig-0.17.0/scripts/PigScriptUDF-77a94f4df0ed0b51ef54aaddbf6239b9.jar
2025-11-15 22:28:53,648 [JobControl] INFO  org.apache.hadoop.mapred.LocalDistributedCacheManager - Localized hdfs://namenode:8020/tmp/temp1267625857/tmp22304759/PigScriptUDF-77a94f4df0ed0b51ef54aaddbf6239b9.jar as file:/tmp/hadoop-root/mapred/local/job_local178192717_0001_9cd18667-9fbc-4186-85e4-fcb0eebf72f3/PigScriptUDF-77a94f4df0ed0b51ef54aaddbf6239b9.jar
2025-11-15 22:28:53,697 [JobControl] INFO  org.apache.hadoop.mapred.LocalDistributedCacheManager - file:/tmp/hadoop-root/mapred/local/job_local178192717_0001_6c6186a2-329f-4247-b8b6-cb7153fb9104/pig-0.17.0-core-h2.jar
2025-11-15 22:28:53,697 [JobControl] INFO  org.apache.hadoop.mapred.LocalDistributedCacheManager - file:/tmp/hadoop-root/mapred/local/job_local178192717_0001_31624df5-27bc-4995-8e0f-5143c577db09/jython-standalone-2.7.0.jar
2025-11-15 22:28:53,697 [JobControl] INFO  org.apache.hadoop.mapred.LocalDistributedCacheManager - file:/tmp/hadoop-root/mapred/local/job_local178192717_0001_7a6f27ee-f0e0-4a7b-be06-cb4c3e616950/automaton-1.11-8.jar
2025-11-15 22:28:53,697 [JobControl] INFO  org.apache.hadoop.mapred.LocalDistributedCacheManager - file:/tmp/hadoop-root/mapred/local/job_local178192717_0001_6c47e801-a192-426f-88cb-70326c883eab/antlr-runtime-3.4.jar
2025-11-15 22:28:53,697 [JobControl] INFO  org.apache.hadoop.mapred.LocalDistributedCacheManager - file:/tmp/hadoop-root/mapred/local/job_local178192717_0001_93f57276-479a-40fa-91ee-18b8a6d701e1/joda-time-2.9.3.jar
2025-11-15 22:28:53,697 [JobControl] INFO  org.apache.hadoop.mapred.LocalDistributedCacheManager - file:/tmp/hadoop-root/mapred/local/job_local178192717_0001_9cd18667-9fbc-4186-85e4-fcb0eebf72f3/PigScriptUDF-77a94f4df0ed0b51ef54aaddbf6239b9.jar
2025-11-15 22:28:53,703 [JobControl] INFO  org.apache.hadoop.mapreduce.Job - The url to track the job: http://localhost:8080/
2025-11-15 22:28:53,704 [main] INFO  org.apache.pig.backend.hadoop.executionengine.mapReduceLayer.MapReduceLauncher - HadoopJobId: job_local178192717_0001
2025-11-15 22:28:53,704 [main] INFO  org.apache.pig.backend.hadoop.executionengine.mapReduceLayer.MapReduceLauncher - Processing aliases BY_STATUS,BY_TOPIC,GRP_ALL,RAW,STATS_BY_STATUS,STATS_BY_TOPIC,STATS_GLOBAL,WITH_META
2025-11-15 22:28:53,704 [main] INFO  org.apache.pig.backend.hadoop.executionengine.mapReduceLayer.MapReduceLauncher - detailed locations: M: RAW[9,6],RAW[-1,-1],WITH_META[23,12],STATS_GLOBAL[37,15],GRP_ALL[36,10],STATS_BY_TOPIC[57,17],BY_TOPIC[56,11],STATS_BY_STATUS[73,18],BY_STATUS[72,12] C: STATS_GLOBAL[37,15],GRP_ALL[36,10],STATS_BY_TOPIC[57,17],BY_TOPIC[56,11],STATS_BY_STATUS[73,18],BY_STATUS[72,12] R: STATS_GLOBAL[37,15],STATS_GLOBAL[-1,-1],STATS_BY_TOPIC[57,17],STATS_BY_TOPIC[-1,-1],STATS_BY_STATUS[73,18],STATS_BY_STATUS[-1,-1]
2025-11-15 22:28:53,705 [Thread-23] INFO  org.apache.hadoop.mapred.LocalJobRunner - OutputCommitter set in config null
2025-11-15 22:28:53,710 [main] INFO  org.apache.pig.backend.hadoop.executionengine.mapReduceLayer.MapReduceLauncher - 0% complete
2025-11-15 22:28:53,710 [main] INFO  org.apache.pig.backend.hadoop.executionengine.mapReduceLayer.MapReduceLauncher - Running jobs are [job_local178192717_0001]
2025-11-15 22:28:53,743 [Thread-23] INFO  org.apache.hadoop.conf.Configuration.deprecation - mapred.textoutputformat.separator is deprecated. Instead, use mapreduce.output.textoutputformat.separator
2025-11-15 22:28:53,744 [Thread-23] INFO  org.apache.hadoop.conf.Configuration.deprecation - mapred.reduce.tasks is deprecated. Instead, use mapreduce.job.reduces
2025-11-15 22:28:53,744 [Thread-23] INFO  org.apache.hadoop.conf.Configuration.deprecation - mapred.job.reduce.markreset.buffer.percent is deprecated. Instead, use mapreduce.reduce.markreset.buffer.percent
2025-11-15 22:28:53,748 [Thread-23] INFO  org.apache.hadoop.mapreduce.lib.output.FileOutputCommitter - File Output Committer Algorithm version is 2
2025-11-15 22:28:53,748 [Thread-23] INFO  org.apache.hadoop.mapreduce.lib.output.FileOutputCommitter - FileOutputCommitter skip cleanup _temporary folders under output directory:false, ignore cleanup failures: false
2025-11-15 22:28:53,751 [Thread-23] INFO  org.apache.hadoop.mapreduce.lib.output.FileOutputCommitter - File Output Committer Algorithm version is 2
2025-11-15 22:28:53,751 [Thread-23] INFO  org.apache.hadoop.mapreduce.lib.output.FileOutputCommitter - FileOutputCommitter skip cleanup _temporary folders under output directory:false, ignore cleanup failures: false
2025-11-15 22:28:53,754 [Thread-23] INFO  org.apache.hadoop.mapreduce.lib.output.FileOutputCommitter - File Output Committer Algorithm version is 2
2025-11-15 22:28:53,754 [Thread-23] INFO  org.apache.hadoop.mapreduce.lib.output.FileOutputCommitter - FileOutputCommitter skip cleanup _temporary folders under output directory:false, ignore cleanup failures: false
2025-11-15 22:28:53,754 [Thread-23] INFO  org.apache.hadoop.mapred.LocalJobRunner - OutputCommitter is org.apache.pig.backend.hadoop.executionengine.mapReduceLayer.PigOutputCommitter
2025-11-15 22:28:53,805 [Thread-23] INFO  org.apache.hadoop.mapred.LocalJobRunner - Waiting for map tasks
2025-11-15 22:28:53,805 [LocalJobRunner Map Task Executor #0] INFO  org.apache.hadoop.mapred.LocalJobRunner - Starting task: attempt_local178192717_0001_m_000000_0
2025-11-15 22:28:53,842 [LocalJobRunner Map Task Executor #0] INFO  org.apache.hadoop.mapreduce.lib.output.FileOutputCommitter - File Output Committer Algorithm version is 2
2025-11-15 22:28:53,842 [LocalJobRunner Map Task Executor #0] INFO  org.apache.hadoop.mapreduce.lib.output.FileOutputCommitter - FileOutputCommitter skip cleanup _temporary folders under output directory:false, ignore cleanup failures: false
2025-11-15 22:28:53,844 [LocalJobRunner Map Task Executor #0] INFO  org.apache.hadoop.mapreduce.lib.output.FileOutputCommitter - File Output Committer Algorithm version is 2
2025-11-15 22:28:53,844 [LocalJobRunner Map Task Executor #0] INFO  org.apache.hadoop.mapreduce.lib.output.FileOutputCommitter - FileOutputCommitter skip cleanup _temporary folders under output directory:false, ignore cleanup failures: false
2025-11-15 22:28:53,849 [LocalJobRunner Map Task Executor #0] INFO  org.apache.hadoop.mapreduce.lib.output.FileOutputCommitter - File Output Committer Algorithm version is 2
2025-11-15 22:28:53,849 [LocalJobRunner Map Task Executor #0] INFO  org.apache.hadoop.mapreduce.lib.output.FileOutputCommitter - FileOutputCommitter skip cleanup _temporary folders under output directory:false, ignore cleanup failures: false
2025-11-15 22:28:53,864 [LocalJobRunner Map Task Executor #0] INFO  org.apache.hadoop.mapred.Task -  Using ResourceCalculatorProcessTree : [ ]
2025-11-15 22:28:53,870 [LocalJobRunner Map Task Executor #0] INFO  org.apache.hadoop.mapred.MapTask - Processing split: Number of splits :1
Total Length = 761572
Input split[0]:
   Length = 761572
   ClassName: org.apache.hadoop.mapreduce.lib.input.FileSplit
   Locations:

-----------------------

2025-11-15 22:28:53,876 [LocalJobRunner Map Task Executor #0] INFO  org.apache.pig.builtin.PigStorage - Using PigTextInputFormat
2025-11-15 22:28:53,881 [LocalJobRunner Map Task Executor #0] INFO  org.apache.pig.backend.hadoop.executionengine.mapReduceLayer.PigRecordReader - Current split being processed hdfs://namenode:8020/data/in/traffic/fifo/poisson/traffic_fifo_poisson.csv:0+761572
2025-11-15 22:28:53,898 [LocalJobRunner Map Task Executor #0] INFO  org.apache.hadoop.mapred.MapTask - (EQUATOR) 0 kvi 26214396(104857584)
2025-11-15 22:28:53,898 [LocalJobRunner Map Task Executor #0] INFO  org.apache.hadoop.mapred.MapTask - mapreduce.task.io.sort.mb: 100
2025-11-15 22:28:53,898 [LocalJobRunner Map Task Executor #0] INFO  org.apache.hadoop.mapred.MapTask - soft limit at 83886080
2025-11-15 22:28:53,898 [LocalJobRunner Map Task Executor #0] INFO  org.apache.hadoop.mapred.MapTask - bufstart = 0; bufvoid = 104857600
2025-11-15 22:28:53,898 [LocalJobRunner Map Task Executor #0] INFO  org.apache.hadoop.mapred.MapTask - kvstart = 26214396; length = 6553600
2025-11-15 22:28:53,902 [LocalJobRunner Map Task Executor #0] INFO  org.apache.hadoop.mapred.MapTask - Map output collector class = org.apache.hadoop.mapred.MapTask$MapOutputBuffer
2025-11-15 22:28:53,907 [LocalJobRunner Map Task Executor #0] INFO  org.apache.pig.impl.util.SpillableMemoryManager - Selected heap (PS Old Gen) of size 699400192 to monitor. collectionUsageThreshold = 489580128, usageThreshold = 489580128
2025-11-15 22:28:53,908 [LocalJobRunner Map Task Executor #0] INFO  org.apache.pig.data.SchemaTupleBackend - Key [pig.schematuple] was not set... will not generate code.
2025-11-15 22:28:53,929 [LocalJobRunner Map Task Executor #0] INFO  org.apache.pig.backend.hadoop.executionengine.mapReduceLayer.PigGenericMapReduce$Map - Aliases being processed per job phase (AliasName[line,offset]): M: RAW[9,6],RAW[-1,-1],WITH_META[23,12],STATS_GLOBAL[37,15],GRP_ALL[36,10],STATS_BY_TOPIC[57,17],BY_TOPIC[56,11],STATS_BY_STATUS[73,18],BY_STATUS[72,12] C: STATS_GLOBAL[37,15],GRP_ALL[36,10],STATS_BY_TOPIC[57,17],BY_TOPIC[56,11],STATS_BY_STATUS[73,18],BY_STATUS[72,12] R: STATS_GLOBAL[37,15],STATS_GLOBAL[-1,-1],STATS_BY_TOPIC[57,17],STATS_BY_TOPIC[-1,-1],STATS_BY_STATUS[73,18],STATS_BY_STATUS[-1,-1]
2025-11-15 22:28:54,430 [LocalJobRunner Map Task Executor #0] INFO  org.apache.hadoop.mapred.LocalJobRunner - 
2025-11-15 22:28:54,430 [LocalJobRunner Map Task Executor #0] INFO  org.apache.hadoop.mapred.MapTask - Starting flush of map output
2025-11-15 22:28:54,430 [LocalJobRunner Map Task Executor #0] INFO  org.apache.hadoop.mapred.MapTask - Spilling map output
2025-11-15 22:28:54,430 [LocalJobRunner Map Task Executor #0] INFO  org.apache.hadoop.mapred.MapTask - bufstart = 0; bufend = 685088; bufvoid = 104857600
2025-11-15 22:28:54,430 [LocalJobRunner Map Task Executor #0] INFO  org.apache.hadoop.mapred.MapTask - kvstart = 26214396(104857584); kvend = 26154388(104617552); length = 60009/6553600
2025-11-15 22:28:54,461 [LocalJobRunner Map Task Executor #0] INFO  org.apache.pig.backend.hadoop.executionengine.mapReduceLayer.PigCombiner$Combine - Aliases being processed per job phase (AliasName[line,offset]): M: RAW[9,6],RAW[-1,-1],WITH_META[23,12],STATS_GLOBAL[37,15],GRP_ALL[36,10],STATS_BY_TOPIC[57,17],BY_TOPIC[56,11],STATS_BY_STATUS[73,18],BY_STATUS[72,12] C: STATS_GLOBAL[37,15],GRP_ALL[36,10],STATS_BY_TOPIC[57,17],BY_TOPIC[56,11],STATS_BY_STATUS[73,18],BY_STATUS[72,12] R: STATS_GLOBAL[37,15],STATS_GLOBAL[-1,-1],STATS_BY_TOPIC[57,17],STATS_BY_TOPIC[-1,-1],STATS_BY_STATUS[73,18],STATS_BY_STATUS[-1,-1]
2025-11-15 22:28:54,541 [LocalJobRunner Map Task Executor #0] INFO  org.apache.hadoop.mapred.MapTask - Finished spill 0
2025-11-15 22:28:54,548 [LocalJobRunner Map Task Executor #0] INFO  org.apache.hadoop.mapred.Task - Task:attempt_local178192717_0001_m_000000_0 is done. And is in the process of committing
2025-11-15 22:28:54,550 [LocalJobRunner Map Task Executor #0] INFO  org.apache.hadoop.mapred.LocalJobRunner - map
2025-11-15 22:28:54,550 [LocalJobRunner Map Task Executor #0] INFO  org.apache.hadoop.mapred.Task - Task 'attempt_local178192717_0001_m_000000_0' done.
2025-11-15 22:28:54,554 [LocalJobRunner Map Task Executor #0] INFO  org.apache.hadoop.mapred.Task - Final Counters for attempt_local178192717_0001_m_000000_0: Counters: 25
	File System Counters
		FILE: Number of bytes read=457
		FILE: Number of bytes written=43852327
		FILE: Number of read operations=0
		FILE: Number of large read operations=0
		FILE: Number of write operations=0
		HDFS: Number of bytes read=43540142
		HDFS: Number of bytes written=42778570
		HDFS: Number of read operations=65
		HDFS: Number of large read operations=0
		HDFS: Number of write operations=17
		HDFS: Number of bytes read erasure-coded=0
	Map-Reduce Framework
		Map input records=5001
		Map output records=15003
		Map output bytes=685088
		Map output materialized bytes=234
		Input split bytes=401
		Combine input records=15003
		Combine output records=5
		Spilled Records=5
		Failed Shuffles=0
		Merged Map outputs=0
		GC time elapsed (ms)=202
		Total committed heap usage (bytes)=647495680
	File Input Format Counters 
		Bytes Read=0
	org.apache.pig.PigWarning
		FIELD_DISCARDED_TYPE_CONVERSION_FAILED=3
2025-11-15 22:28:54,554 [LocalJobRunner Map Task Executor #0] INFO  org.apache.hadoop.mapred.LocalJobRunner - Finishing task: attempt_local178192717_0001_m_000000_0
2025-11-15 22:28:54,554 [Thread-23] INFO  org.apache.hadoop.mapred.LocalJobRunner - map task executor complete.
2025-11-15 22:28:54,556 [Thread-23] INFO  org.apache.hadoop.mapred.LocalJobRunner - Waiting for reduce tasks
2025-11-15 22:28:54,556 [pool-7-thread-1] INFO  org.apache.hadoop.mapred.LocalJobRunner - Starting task: attempt_local178192717_0001_r_000000_0
2025-11-15 22:28:54,570 [pool-7-thread-1] INFO  org.apache.hadoop.mapreduce.lib.output.FileOutputCommitter - File Output Committer Algorithm version is 2
2025-11-15 22:28:54,570 [pool-7-thread-1] INFO  org.apache.hadoop.mapreduce.lib.output.FileOutputCommitter - FileOutputCommitter skip cleanup _temporary folders under output directory:false, ignore cleanup failures: false
2025-11-15 22:28:54,572 [pool-7-thread-1] INFO  org.apache.hadoop.mapreduce.lib.output.FileOutputCommitter - File Output Committer Algorithm version is 2
2025-11-15 22:28:54,572 [pool-7-thread-1] INFO  org.apache.hadoop.mapreduce.lib.output.FileOutputCommitter - FileOutputCommitter skip cleanup _temporary folders under output directory:false, ignore cleanup failures: false
2025-11-15 22:28:54,574 [pool-7-thread-1] INFO  org.apache.hadoop.mapreduce.lib.output.FileOutputCommitter - File Output Committer Algorithm version is 2
2025-11-15 22:28:54,574 [pool-7-thread-1] INFO  org.apache.hadoop.mapreduce.lib.output.FileOutputCommitter - FileOutputCommitter skip cleanup _temporary folders under output directory:false, ignore cleanup failures: false
2025-11-15 22:28:54,578 [pool-7-thread-1] INFO  org.apache.hadoop.mapred.Task -  Using ResourceCalculatorProcessTree : [ ]
2025-11-15 22:28:54,580 [pool-7-thread-1] INFO  org.apache.hadoop.mapred.ReduceTask - Using ShuffleConsumerPlugin: org.apache.hadoop.mapreduce.task.reduce.Shuffle@206a6a26
2025-11-15 22:28:54,582 [pool-7-thread-1] WARN  org.apache.hadoop.metrics2.impl.MetricsSystemImpl - JobTracker metrics system already initialized!
2025-11-15 22:28:54,595 [pool-7-thread-1] INFO  org.apache.hadoop.mapreduce.task.reduce.MergeManagerImpl - MergerManager: memoryLimit=652528832, maxSingleShuffleLimit=163132208, mergeThreshold=430669056, ioSortFactor=10, memToMemMergeOutputsThreshold=10
2025-11-15 22:28:54,597 [EventFetcher for fetching Map Completion Events] INFO  org.apache.hadoop.mapreduce.task.reduce.EventFetcher - attempt_local178192717_0001_r_000000_0 Thread started: EventFetcher for fetching Map Completion Events
2025-11-15 22:28:54,616 [localfetcher#1] INFO  org.apache.hadoop.mapreduce.task.reduce.LocalFetcher - localfetcher#1 about to shuffle output of map attempt_local178192717_0001_m_000000_0 decomp: 230 len: 234 to MEMORY
2025-11-15 22:28:54,618 [localfetcher#1] INFO  org.apache.hadoop.mapreduce.task.reduce.InMemoryMapOutput - Read 230 bytes from map-output for attempt_local178192717_0001_m_000000_0
2025-11-15 22:28:54,619 [localfetcher#1] INFO  org.apache.hadoop.mapreduce.task.reduce.MergeManagerImpl - closeInMemoryFile -> map-output of size: 230, inMemoryMapOutputs.size() -> 1, commitMemory -> 0, usedMemory ->230
2025-11-15 22:28:54,620 [EventFetcher for fetching Map Completion Events] INFO  org.apache.hadoop.mapreduce.task.reduce.EventFetcher - EventFetcher is interrupted.. Returning
2025-11-15 22:28:54,621 [pool-7-thread-1] INFO  org.apache.hadoop.mapred.LocalJobRunner - 1 / 1 copied.
2025-11-15 22:28:54,621 [pool-7-thread-1] INFO  org.apache.hadoop.mapreduce.task.reduce.MergeManagerImpl - finalMerge called with 1 in-memory map-outputs and 0 on-disk map-outputs
2025-11-15 22:28:54,626 [pool-7-thread-1] INFO  org.apache.hadoop.mapred.Merger - Merging 1 sorted segments
2025-11-15 22:28:54,626 [pool-7-thread-1] INFO  org.apache.hadoop.mapred.Merger - Down to the last merge-pass, with 1 segments left of total size: 222 bytes
2025-11-15 22:28:54,627 [pool-7-thread-1] INFO  org.apache.hadoop.mapreduce.task.reduce.MergeManagerImpl - Merged 1 segments, 230 bytes to disk to satisfy reduce memory limit
2025-11-15 22:28:54,628 [pool-7-thread-1] INFO  org.apache.hadoop.mapreduce.task.reduce.MergeManagerImpl - Merging 1 files, 234 bytes from disk
2025-11-15 22:28:54,628 [pool-7-thread-1] INFO  org.apache.hadoop.mapreduce.task.reduce.MergeManagerImpl - Merging 0 segments, 0 bytes from memory into reduce
2025-11-15 22:28:54,628 [pool-7-thread-1] INFO  org.apache.hadoop.mapred.Merger - Merging 1 sorted segments
2025-11-15 22:28:54,629 [pool-7-thread-1] INFO  org.apache.hadoop.mapred.Merger - Down to the last merge-pass, with 1 segments left of total size: 222 bytes
2025-11-15 22:28:54,629 [pool-7-thread-1] INFO  org.apache.hadoop.mapred.LocalJobRunner - 1 / 1 copied.
2025-11-15 22:28:54,631 [pool-7-thread-1] INFO  org.apache.hadoop.conf.Configuration.deprecation - mapred.skip.on is deprecated. Instead, use mapreduce.job.skiprecords
2025-11-15 22:28:54,632 [pool-7-thread-1] INFO  org.apache.pig.impl.util.SpillableMemoryManager - Selected heap (PS Old Gen) of size 699400192 to monitor. collectionUsageThreshold = 489580128, usageThreshold = 489580128
2025-11-15 22:28:54,632 [pool-7-thread-1] WARN  org.apache.pig.data.SchemaTupleBackend - SchemaTupleBackend has already been initialized
2025-11-15 22:28:54,649 [pool-7-thread-1] INFO  org.apache.pig.backend.hadoop.executionengine.mapReduceLayer.PigMapReduce$Reduce - Aliases being processed per job phase (AliasName[line,offset]): M: RAW[9,6],RAW[-1,-1],WITH_META[23,12],STATS_GLOBAL[37,15],GRP_ALL[36,10],STATS_BY_TOPIC[57,17],BY_TOPIC[56,11],STATS_BY_STATUS[73,18],BY_STATUS[72,12] C: STATS_GLOBAL[37,15],GRP_ALL[36,10],STATS_BY_TOPIC[57,17],BY_TOPIC[56,11],STATS_BY_STATUS[73,18],BY_STATUS[72,12] R: STATS_GLOBAL[37,15],STATS_GLOBAL[-1,-1],STATS_BY_TOPIC[57,17],STATS_BY_TOPIC[-1,-1],STATS_BY_STATUS[73,18],STATS_BY_STATUS[-1,-1]
2025-11-15 22:28:54,652 [pool-7-thread-1] INFO  org.apache.hadoop.mapreduce.lib.output.FileOutputCommitter - File Output Committer Algorithm version is 2
2025-11-15 22:28:54,652 [pool-7-thread-1] INFO  org.apache.hadoop.mapreduce.lib.output.FileOutputCommitter - FileOutputCommitter skip cleanup _temporary folders under output directory:false, ignore cleanup failures: false
2025-11-15 22:28:54,661 [pool-7-thread-1] INFO  org.apache.hadoop.mapreduce.lib.output.FileOutputCommitter - File Output Committer Algorithm version is 2
2025-11-15 22:28:54,661 [pool-7-thread-1] INFO  org.apache.hadoop.mapreduce.lib.output.FileOutputCommitter - FileOutputCommitter skip cleanup _temporary folders under output directory:false, ignore cleanup failures: false
2025-11-15 22:28:54,665 [pool-7-thread-1] INFO  org.apache.hadoop.mapreduce.lib.output.FileOutputCommitter - File Output Committer Algorithm version is 2
2025-11-15 22:28:54,665 [pool-7-thread-1] INFO  org.apache.hadoop.mapreduce.lib.output.FileOutputCommitter - FileOutputCommitter skip cleanup _temporary folders under output directory:false, ignore cleanup failures: false
2025-11-15 22:28:54,681 [Thread-63] INFO  org.apache.hadoop.hdfs.protocol.datatransfer.sasl.SaslDataTransferClient - SASL encryption trust check: localHostTrusted = false, remoteHostTrusted = false
2025-11-15 22:28:54,690 [Thread-64] INFO  org.apache.hadoop.hdfs.protocol.datatransfer.sasl.SaslDataTransferClient - SASL encryption trust check: localHostTrusted = false, remoteHostTrusted = false
2025-11-15 22:28:54,697 [Thread-65] INFO  org.apache.hadoop.hdfs.protocol.datatransfer.sasl.SaslDataTransferClient - SASL encryption trust check: localHostTrusted = false, remoteHostTrusted = false
2025-11-15 22:28:54,702 [pool-7-thread-1] INFO  org.apache.hadoop.mapred.Task - Task:attempt_local178192717_0001_r_000000_0 is done. And is in the process of committing
2025-11-15 22:28:54,707 [pool-7-thread-1] INFO  org.apache.hadoop.mapred.LocalJobRunner - 1 / 1 copied.
2025-11-15 22:28:54,708 [pool-7-thread-1] INFO  org.apache.hadoop.mapred.Task - Task attempt_local178192717_0001_r_000000_0 is allowed to commit now
2025-11-15 22:28:54,721 [pool-7-thread-1] INFO  org.apache.hadoop.mapreduce.lib.output.FileOutputCommitter - Saved output of task 'attempt_local178192717_0001_r_000000_0' to hdfs://namenode:8020/data/out/traffic/fifo/poisson/stats_global_fifo_poisson
2025-11-15 22:28:54,727 [pool-7-thread-1] INFO  org.apache.hadoop.mapreduce.lib.output.FileOutputCommitter - Saved output of task 'attempt_local178192717_0001_r_000000_0' to hdfs://namenode:8020/data/out/traffic/fifo/poisson/stats_by_topic_fifo_poisson
2025-11-15 22:28:54,734 [pool-7-thread-1] INFO  org.apache.hadoop.mapreduce.lib.output.FileOutputCommitter - Saved output of task 'attempt_local178192717_0001_r_000000_0' to hdfs://namenode:8020/data/out/traffic/fifo/poisson/stats_by_status_fifo_poisson
2025-11-15 22:28:54,735 [pool-7-thread-1] INFO  org.apache.hadoop.mapred.LocalJobRunner - reduce > reduce
2025-11-15 22:28:54,735 [pool-7-thread-1] INFO  org.apache.hadoop.mapred.Task - Task 'attempt_local178192717_0001_r_000000_0' done.
2025-11-15 22:28:54,736 [pool-7-thread-1] INFO  org.apache.hadoop.mapred.Task - Final Counters for attempt_local178192717_0001_r_000000_0: Counters: 33
	File System Counters
		FILE: Number of bytes read=957
		FILE: Number of bytes written=43852561
		FILE: Number of read operations=0
		FILE: Number of large read operations=0
		FILE: Number of write operations=0
		HDFS: Number of bytes read=43540142
		HDFS: Number of bytes written=42778832
		HDFS: Number of read operations=78
		HDFS: Number of large read operations=0
		HDFS: Number of write operations=23
		HDFS: Number of bytes read erasure-coded=0
	Map-Reduce Framework
		Combine input records=0
		Combine output records=0
		Reduce input groups=5
		Reduce shuffle bytes=234
		Reduce input records=5
		Reduce output records=0
		Spilled Records=5
		Shuffled Maps =1
		Failed Shuffles=0
		Merged Map outputs=1
		GC time elapsed (ms)=0
		Total committed heap usage (bytes)=647495680
	MultiStoreCounters
		Output records in _0_stats_global_fifo_poisson=1
		Output records in _1_stats_by_topic_fifo_poisson=2
		Output records in _2_stats_by_status_fifo_poisson=2
	Shuffle Errors
		BAD_ID=0
		CONNECTION=0
		IO_ERROR=0
		WRONG_LENGTH=0
		WRONG_MAP=0
		WRONG_REDUCE=0
	File Output Format Counters 
		Bytes Written=0
2025-11-15 22:28:54,736 [pool-7-thread-1] INFO  org.apache.hadoop.mapred.LocalJobRunner - Finishing task: attempt_local178192717_0001_r_000000_0
2025-11-15 22:28:54,737 [Thread-23] INFO  org.apache.hadoop.mapred.LocalJobRunner - reduce task executor complete.
2025-11-15 22:28:54,876 [main] INFO  org.apache.pig.backend.hadoop.executionengine.mapReduceLayer.MapReduceLauncher - Running jobs are [job_local178192717_0001]
2025-11-15 22:28:58,883 [main] WARN  org.apache.hadoop.metrics2.impl.MetricsSystemImpl - JobTracker metrics system already initialized!
2025-11-15 22:28:58,890 [main] WARN  org.apache.hadoop.metrics2.impl.MetricsSystemImpl - JobTracker metrics system already initialized!
2025-11-15 22:28:58,890 [main] INFO  org.apache.hadoop.conf.Configuration.deprecation - mapred.map.tasks is deprecated. Instead, use mapreduce.job.maps
2025-11-15 22:28:58,891 [main] WARN  org.apache.hadoop.metrics2.impl.MetricsSystemImpl - JobTracker metrics system already initialized!
2025-11-15 22:28:58,913 [main] INFO  org.apache.pig.tools.pigstats.JobStats - using output size reader: org.apache.pig.backend.hadoop.executionengine.mapReduceLayer.FileBasedOutputSizeReader
2025-11-15 22:28:58,915 [main] INFO  org.apache.pig.tools.pigstats.JobStats - using output size reader: org.apache.pig.backend.hadoop.executionengine.mapReduceLayer.FileBasedOutputSizeReader
2025-11-15 22:28:58,916 [main] INFO  org.apache.pig.tools.pigstats.JobStats - using output size reader: org.apache.pig.backend.hadoop.executionengine.mapReduceLayer.FileBasedOutputSizeReader
2025-11-15 22:28:58,918 [main] INFO  org.apache.pig.backend.hadoop.executionengine.mapReduceLayer.MapReduceLauncher - 100% complete
2025-11-15 22:28:58,920 [main] INFO  org.apache.pig.tools.pigstats.mapreduce.SimplePigStats - Script Statistics: 

HadoopVersion	PigVersion	UserId	StartedAt	FinishedAt	Features
3.2.1	0.17.0	root	2025-11-15 22:28:52	2025-11-15 22:28:58	GROUP_BY

Success!

Job Stats (time in seconds):
JobId	Maps	Reduces	MaxMapTime	MinMapTime	AvgMapTime	MedianMapTime	MaxReduceTime	MinReduceTime	AvgReduceTime	MedianReducetime	Alias	Feature	Outputs
job_local178192717_0001	1	1	n/a	n/a	n/a	n/a	n/a	n/a	n/a	n/a	BY_STATUS,BY_TOPIC,GRP_ALL,RAW,STATS_BY_STATUS,STATS_BY_TOPIC,STATS_GLOBAL,WITH_META	MULTI_QUERY,COMBINER	/data/out/traffic/fifo/poisson/stats_global_fifo_poisson,/data/out/traffic/fifo/poisson/stats_by_topic_fifo_poisson,/data/out/traffic/fifo/poisson/stats_by_status_fifo_poisson,

Input(s):
Successfully read 5001 records (87080284 bytes) from: "/data/in/traffic/fifo/poisson/traffic_fifo_poisson.csv"

Output(s):
Successfully stored 1 records (89 bytes) in: "/data/out/traffic/fifo/poisson/stats_global_fifo_poisson"
Successfully stored 2 records (88 bytes) in: "/data/out/traffic/fifo/poisson/stats_by_topic_fifo_poisson"
Successfully stored 2 records (85 bytes) in: "/data/out/traffic/fifo/poisson/stats_by_status_fifo_poisson"

Counters:
Total records written : 5
Total bytes written : 262
Spillable Memory Manager spill count : 0
Total bags proactively spilled: 0
Total records proactively spilled: 0

Job DAG:
job_local178192717_0001


2025-11-15 22:28:58,922 [main] WARN  org.apache.hadoop.metrics2.impl.MetricsSystemImpl - JobTracker metrics system already initialized!
2025-11-15 22:28:58,923 [main] WARN  org.apache.hadoop.metrics2.impl.MetricsSystemImpl - JobTracker metrics system already initialized!
2025-11-15 22:28:58,924 [main] WARN  org.apache.hadoop.metrics2.impl.MetricsSystemImpl - JobTracker metrics system already initialized!
2025-11-15 22:28:58,927 [main] WARN  org.apache.pig.backend.hadoop.executionengine.mapReduceLayer.MapReduceLauncher - Encountered Warning FIELD_DISCARDED_TYPE_CONVERSION_FAILED 3 time(s).
2025-11-15 22:28:58,927 [main] INFO  org.apache.pig.backend.hadoop.executionengine.mapReduceLayer.MapReduceLauncher - Success!
2025-11-15 22:28:58,941 [main] INFO  org.apache.pig.Main - Pig script completed in 10 seconds and 248 milliseconds (10248 ms)
