WARNING: log4j.properties is not found. HADOOP_CONF_DIR may be incomplete.
2025-11-15 22:29:55,959 INFO  [main] pig.ExecTypeProvider (ExecTypeProvider.java:selectExecType(41)) - Trying ExecType : LOCAL
2025-11-15 22:29:55,961 INFO  [main] pig.ExecTypeProvider (ExecTypeProvider.java:selectExecType(41)) - Trying ExecType : MAPREDUCE
2025-11-15 22:29:55,963 INFO  [main] pig.ExecTypeProvider (ExecTypeProvider.java:selectExecType(43)) - Picked MAPREDUCE as the ExecType
2025-11-15 22:29:56,003 [main] INFO  org.apache.pig.Main - Apache Pig version 0.17.0 (r1797386) compiled Jun 02 2017, 15:41:58
2025-11-15 22:29:56,003 [main] INFO  org.apache.pig.Main - Logging error messages to: /opt/pig-0.17.0/scripts/pig_1763245795992.log
2025-11-15 22:29:56,212 [main] INFO  org.apache.pig.impl.util.Utils - Default bootup file /root/.pigbootup not found
2025-11-15 22:29:56,292 [main] INFO  org.apache.hadoop.conf.Configuration.deprecation - mapred.job.tracker is deprecated. Instead, use mapreduce.jobtracker.address
2025-11-15 22:29:56,292 [main] INFO  org.apache.pig.backend.hadoop.executionengine.HExecutionEngine - Connecting to hadoop file system at: hdfs://namenode:8020
2025-11-15 22:29:56,608 [main] INFO  org.apache.pig.PigServer - Pig Script ID for the session: PIG-traffic_analysis.pig-82255c75-4ceb-4207-8f9c-73f1f1f60151
2025-11-15 22:29:56,608 [main] WARN  org.apache.pig.PigServer - ATS is disabled since yarn.timeline-service.enabled set to false
2025-11-15 22:29:56,642 [main] INFO  org.apache.pig.scripting.jython.JythonScriptEngine - created tmp python.cachedir=/tmp/pig_jython_23017144868239318
2025-11-15 22:29:58,986 [main] WARN  org.apache.pig.scripting.jython.JythonScriptEngine - pig.cmd.args.remainders is empty. This is not expected unless on testing.
2025-11-15 22:29:59,094 [main] INFO  org.apache.pig.scripting.jython.JythonScriptEngine - Register scripting UDF: text_utils._load_stopwords
2025-11-15 22:29:59,709 [main] WARN  org.apache.pig.newplan.BaseOperatorPlan - Encountered Warning IMPLICIT_CAST_TO_LONG 4 time(s).
2025-11-15 22:29:59,713 [main] INFO  org.apache.hadoop.conf.Configuration.deprecation - mapred.textoutputformat.separator is deprecated. Instead, use mapreduce.output.textoutputformat.separator
2025-11-15 22:29:59,738 [main] INFO  org.apache.pig.tools.pigstats.ScriptState - Pig features used in the script: GROUP_BY
2025-11-15 22:29:59,753 [main] INFO  org.apache.pig.data.SchemaTupleBackend - Key [pig.schematuple] was not set... will not generate code.
2025-11-15 22:29:59,772 [main] INFO  org.apache.pig.newplan.logical.optimizer.LogicalPlanOptimizer - {RULES_ENABLED=[AddForEach, ColumnMapKeyPrune, ConstantCalculator, GroupByConstParallelSetter, LimitOptimizer, LoadTypeCastInserter, MergeFilter, MergeForEach, NestedLimitOptimizer, PartitionFilterOptimizer, PredicatePushdownOptimizer, PushDownForEachFlatten, PushUpFilter, SplitFilter, StreamTypeCastInserter]}
2025-11-15 22:29:59,801 [main] INFO  org.apache.pig.impl.util.SpillableMemoryManager - Selected heap (PS Old Gen) of size 699400192 to monitor. collectionUsageThreshold = 489580128, usageThreshold = 489580128
2025-11-15 22:29:59,917 [main] INFO  org.apache.pig.backend.hadoop.executionengine.mapReduceLayer.MRCompiler - File concatenation threshold: 100 optimistic? false
2025-11-15 22:29:59,930 [main] INFO  org.apache.pig.backend.hadoop.executionengine.util.CombinerOptimizerUtil - Choosing to move algebraic foreach to combiner
2025-11-15 22:29:59,940 [main] INFO  org.apache.pig.backend.hadoop.executionengine.util.CombinerOptimizerUtil - Choosing to move algebraic foreach to combiner
2025-11-15 22:29:59,943 [main] INFO  org.apache.pig.backend.hadoop.executionengine.util.CombinerOptimizerUtil - Choosing to move algebraic foreach to combiner
2025-11-15 22:29:59,961 [main] INFO  org.apache.pig.backend.hadoop.executionengine.mapReduceLayer.MultiQueryOptimizer - MR plan size before optimization: 4
2025-11-15 22:29:59,963 [main] INFO  org.apache.pig.backend.hadoop.executionengine.mapReduceLayer.MultiQueryOptimizer - Merged MR job 316 into MR job 313
2025-11-15 22:29:59,963 [main] INFO  org.apache.pig.backend.hadoop.executionengine.mapReduceLayer.MultiQueryOptimizer - Merged MR job 318 into MR job 313
2025-11-15 22:29:59,963 [main] INFO  org.apache.pig.backend.hadoop.executionengine.mapReduceLayer.MultiQueryOptimizer - Merged MR job 320 into MR job 313
2025-11-15 22:29:59,963 [main] INFO  org.apache.pig.backend.hadoop.executionengine.mapReduceLayer.MultiQueryOptimizer - Requested parallelism of splitter: 1
2025-11-15 22:29:59,963 [main] INFO  org.apache.pig.backend.hadoop.executionengine.mapReduceLayer.MultiQueryOptimizer - Merged 3 map-reduce splittees.
2025-11-15 22:29:59,963 [main] INFO  org.apache.pig.backend.hadoop.executionengine.mapReduceLayer.MultiQueryOptimizer - Merged 3 out of total 4 MR operators.
2025-11-15 22:29:59,963 [main] INFO  org.apache.pig.backend.hadoop.executionengine.mapReduceLayer.MultiQueryOptimizer - MR plan size after optimization: 1
2025-11-15 22:30:00,008 [main] WARN  org.apache.hadoop.metrics2.impl.MetricsConfig - Cannot locate configuration: tried hadoop-metrics2-jobtracker.properties,hadoop-metrics2.properties
2025-11-15 22:30:00,045 [main] INFO  org.apache.hadoop.metrics2.impl.MetricsSystemImpl - Scheduled Metric snapshot period at 10 second(s).
2025-11-15 22:30:00,045 [main] INFO  org.apache.hadoop.metrics2.impl.MetricsSystemImpl - JobTracker metrics system started
2025-11-15 22:30:00,060 [main] INFO  org.apache.pig.tools.pigstats.mapreduce.MRScriptState - Pig script settings are added to the job
2025-11-15 22:30:00,064 [main] INFO  org.apache.hadoop.conf.Configuration.deprecation - mapred.job.reduce.markreset.buffer.percent is deprecated. Instead, use mapreduce.reduce.markreset.buffer.percent
2025-11-15 22:30:00,064 [main] INFO  org.apache.pig.backend.hadoop.executionengine.mapReduceLayer.JobControlCompiler - mapred.job.reduce.markreset.buffer.percent is not set, set to default 0.3
2025-11-15 22:30:00,065 [main] INFO  org.apache.hadoop.conf.Configuration.deprecation - mapred.output.compress is deprecated. Instead, use mapreduce.output.fileoutputformat.compress
2025-11-15 22:30:00,066 [main] INFO  org.apache.pig.backend.hadoop.executionengine.mapReduceLayer.JobControlCompiler - Reduce phase detected, estimating # of required reducers.
2025-11-15 22:30:00,066 [main] INFO  org.apache.pig.backend.hadoop.executionengine.mapReduceLayer.JobControlCompiler - Setting Parallelism to 1
2025-11-15 22:30:00,066 [main] INFO  org.apache.hadoop.conf.Configuration.deprecation - mapred.reduce.tasks is deprecated. Instead, use mapreduce.job.reduces
2025-11-15 22:30:00,067 [main] INFO  org.apache.pig.backend.hadoop.executionengine.mapReduceLayer.JobControlCompiler - This job cannot be converted run in-process
2025-11-15 22:30:00,074 [main] INFO  org.apache.hadoop.conf.Configuration.deprecation - mapred.submit.replication is deprecated. Instead, use mapreduce.client.submit.file.replication
2025-11-15 22:30:00,159 [Thread-10] INFO  org.apache.hadoop.hdfs.protocol.datatransfer.sasl.SaslDataTransferClient - SASL encryption trust check: localHostTrusted = false, remoteHostTrusted = false
2025-11-15 22:30:00,342 [main] INFO  org.apache.pig.backend.hadoop.executionengine.mapReduceLayer.JobControlCompiler - Added jar file:/opt/pig-0.17.0/pig-0.17.0-core-h2.jar to DistributedCache through /tmp/temp481099745/tmp624783118/pig-0.17.0-core-h2.jar
2025-11-15 22:30:00,358 [Thread-13] INFO  org.apache.hadoop.hdfs.protocol.datatransfer.sasl.SaslDataTransferClient - SASL encryption trust check: localHostTrusted = false, remoteHostTrusted = false
2025-11-15 22:30:00,491 [main] INFO  org.apache.pig.backend.hadoop.executionengine.mapReduceLayer.JobControlCompiler - Added jar file:/opt/pig-0.17.0/lib/jython-standalone-2.7.0.jar to DistributedCache through /tmp/temp481099745/tmp1252825132/jython-standalone-2.7.0.jar
2025-11-15 22:30:00,500 [Thread-15] INFO  org.apache.hadoop.hdfs.protocol.datatransfer.sasl.SaslDataTransferClient - SASL encryption trust check: localHostTrusted = false, remoteHostTrusted = false
2025-11-15 22:30:00,507 [main] INFO  org.apache.pig.backend.hadoop.executionengine.mapReduceLayer.JobControlCompiler - Added jar file:/opt/pig-0.17.0/lib/automaton-1.11-8.jar to DistributedCache through /tmp/temp481099745/tmp-266466229/automaton-1.11-8.jar
2025-11-15 22:30:00,513 [Thread-17] INFO  org.apache.hadoop.hdfs.protocol.datatransfer.sasl.SaslDataTransferClient - SASL encryption trust check: localHostTrusted = false, remoteHostTrusted = false
2025-11-15 22:30:00,523 [main] INFO  org.apache.pig.backend.hadoop.executionengine.mapReduceLayer.JobControlCompiler - Added jar file:/opt/pig-0.17.0/lib/antlr-runtime-3.4.jar to DistributedCache through /tmp/temp481099745/tmp242713211/antlr-runtime-3.4.jar
2025-11-15 22:30:00,530 [Thread-19] INFO  org.apache.hadoop.hdfs.protocol.datatransfer.sasl.SaslDataTransferClient - SASL encryption trust check: localHostTrusted = false, remoteHostTrusted = false
2025-11-15 22:30:00,539 [main] INFO  org.apache.pig.backend.hadoop.executionengine.mapReduceLayer.JobControlCompiler - Added jar file:/opt/pig-0.17.0/lib/joda-time-2.9.3.jar to DistributedCache through /tmp/temp481099745/tmp-1094873591/joda-time-2.9.3.jar
2025-11-15 22:30:00,553 [Thread-21] INFO  org.apache.hadoop.hdfs.protocol.datatransfer.sasl.SaslDataTransferClient - SASL encryption trust check: localHostTrusted = false, remoteHostTrusted = false
2025-11-15 22:30:00,559 [main] INFO  org.apache.pig.backend.hadoop.executionengine.mapReduceLayer.JobControlCompiler - Added jar file:/tmp/PigScriptUDF-77a94f4df0ed0b51ef54aaddbf6239b9.jar to DistributedCache through /tmp/temp481099745/tmp-1738814903/PigScriptUDF-77a94f4df0ed0b51ef54aaddbf6239b9.jar
2025-11-15 22:30:00,570 [main] INFO  org.apache.pig.backend.hadoop.executionengine.mapReduceLayer.JobControlCompiler - Setting up multi store job
2025-11-15 22:30:00,577 [main] INFO  org.apache.pig.data.SchemaTupleFrontend - Key [pig.schematuple] is false, will not generate code.
2025-11-15 22:30:00,577 [main] INFO  org.apache.pig.data.SchemaTupleFrontend - Starting process to move generated code to distributed cacche
2025-11-15 22:30:00,578 [main] INFO  org.apache.pig.data.SchemaTupleFrontend - Setting key [pig.schematuple.classes] with classes to deserialize []
2025-11-15 22:30:00,719 [main] INFO  org.apache.pig.backend.hadoop.executionengine.mapReduceLayer.MapReduceLauncher - 1 map-reduce job(s) waiting for submission.
2025-11-15 22:30:00,724 [JobControl] WARN  org.apache.hadoop.metrics2.impl.MetricsSystemImpl - JobTracker metrics system already initialized!
2025-11-15 22:30:00,740 [JobControl] INFO  org.apache.hadoop.conf.Configuration.deprecation - mapred.task.id is deprecated. Instead, use mapreduce.task.attempt.id
2025-11-15 22:30:00,791 [JobControl] WARN  org.apache.hadoop.mapreduce.JobResourceUploader - No job jar file set.  User classes may not be found. See Job or Job#setJar(String).
2025-11-15 22:30:00,814 [JobControl] INFO  org.apache.pig.builtin.PigStorage - Using PigTextInputFormat
2025-11-15 22:30:00,821 [JobControl] INFO  org.apache.hadoop.mapreduce.lib.input.FileInputFormat - Total input files to process : 1
2025-11-15 22:30:00,821 [JobControl] INFO  org.apache.pig.backend.hadoop.executionengine.util.MapRedUtil - Total input paths to process : 1
2025-11-15 22:30:00,840 [JobControl] INFO  org.apache.pig.backend.hadoop.executionengine.util.MapRedUtil - Total input paths (combined) to process : 1
2025-11-15 22:30:00,856 [JobControl] INFO  org.apache.hadoop.mapreduce.JobSubmitter - number of splits:1
2025-11-15 22:30:00,969 [JobControl] INFO  org.apache.hadoop.mapreduce.JobSubmitter - Submitting tokens for job: job_local1592591111_0001
2025-11-15 22:30:00,969 [JobControl] INFO  org.apache.hadoop.mapreduce.JobSubmitter - Executing with tokens: []
2025-11-15 22:30:01,110 [LocalDistributedCacheManager Downloader #0] INFO  org.apache.hadoop.hdfs.protocol.datatransfer.sasl.SaslDataTransferClient - SASL encryption trust check: localHostTrusted = false, remoteHostTrusted = false
2025-11-15 22:30:01,168 [JobControl] INFO  org.apache.hadoop.mapred.LocalDistributedCacheManager - Creating symlink: /tmp/hadoop-root/mapred/local/job_local1592591111_0001_ccab9877-4249-4c74-8a27-319b54812e44/pig-0.17.0-core-h2.jar <- /opt/pig-0.17.0/scripts/pig-0.17.0-core-h2.jar
2025-11-15 22:30:01,168 [LocalDistributedCacheManager Downloader #1] INFO  org.apache.hadoop.hdfs.protocol.datatransfer.sasl.SaslDataTransferClient - SASL encryption trust check: localHostTrusted = false, remoteHostTrusted = false
2025-11-15 22:30:01,173 [LocalDistributedCacheManager Downloader #5] INFO  org.apache.hadoop.hdfs.protocol.datatransfer.sasl.SaslDataTransferClient - SASL encryption trust check: localHostTrusted = false, remoteHostTrusted = false
2025-11-15 22:30:01,173 [LocalDistributedCacheManager Downloader #3] INFO  org.apache.hadoop.hdfs.protocol.datatransfer.sasl.SaslDataTransferClient - SASL encryption trust check: localHostTrusted = false, remoteHostTrusted = false
2025-11-15 22:30:01,184 [JobControl] INFO  org.apache.hadoop.mapred.LocalDistributedCacheManager - Localized hdfs://namenode:8020/tmp/temp481099745/tmp624783118/pig-0.17.0-core-h2.jar as file:/tmp/hadoop-root/mapred/local/job_local1592591111_0001_ccab9877-4249-4c74-8a27-319b54812e44/pig-0.17.0-core-h2.jar
2025-11-15 22:30:01,296 [JobControl] INFO  org.apache.hadoop.mapred.LocalDistributedCacheManager - Creating symlink: /tmp/hadoop-root/mapred/local/job_local1592591111_0001_e8b9d6be-b5ff-40ab-bdba-65a0491f3ef1/jython-standalone-2.7.0.jar <- /opt/pig-0.17.0/scripts/jython-standalone-2.7.0.jar
2025-11-15 22:30:01,299 [JobControl] INFO  org.apache.hadoop.mapred.LocalDistributedCacheManager - Localized hdfs://namenode:8020/tmp/temp481099745/tmp1252825132/jython-standalone-2.7.0.jar as file:/tmp/hadoop-root/mapred/local/job_local1592591111_0001_e8b9d6be-b5ff-40ab-bdba-65a0491f3ef1/jython-standalone-2.7.0.jar
2025-11-15 22:30:01,299 [JobControl] INFO  org.apache.hadoop.mapred.LocalDistributedCacheManager - Creating symlink: /tmp/hadoop-root/mapred/local/job_local1592591111_0001_b57d1695-ded8-4d62-9b37-b1f9fb2c369a/automaton-1.11-8.jar <- /opt/pig-0.17.0/scripts/automaton-1.11-8.jar
2025-11-15 22:30:01,302 [JobControl] INFO  org.apache.hadoop.mapred.LocalDistributedCacheManager - Localized hdfs://namenode:8020/tmp/temp481099745/tmp-266466229/automaton-1.11-8.jar as file:/tmp/hadoop-root/mapred/local/job_local1592591111_0001_b57d1695-ded8-4d62-9b37-b1f9fb2c369a/automaton-1.11-8.jar
2025-11-15 22:30:01,302 [JobControl] INFO  org.apache.hadoop.mapred.LocalDistributedCacheManager - Creating symlink: /tmp/hadoop-root/mapred/local/job_local1592591111_0001_567d3e64-0cc1-494d-a7ea-055523aacd8b/antlr-runtime-3.4.jar <- /opt/pig-0.17.0/scripts/antlr-runtime-3.4.jar
2025-11-15 22:30:01,304 [JobControl] INFO  org.apache.hadoop.mapred.LocalDistributedCacheManager - Localized hdfs://namenode:8020/tmp/temp481099745/tmp242713211/antlr-runtime-3.4.jar as file:/tmp/hadoop-root/mapred/local/job_local1592591111_0001_567d3e64-0cc1-494d-a7ea-055523aacd8b/antlr-runtime-3.4.jar
2025-11-15 22:30:01,305 [JobControl] INFO  org.apache.hadoop.mapred.LocalDistributedCacheManager - Creating symlink: /tmp/hadoop-root/mapred/local/job_local1592591111_0001_e1f9ad66-0240-4cfa-9377-334bb54769c9/joda-time-2.9.3.jar <- /opt/pig-0.17.0/scripts/joda-time-2.9.3.jar
2025-11-15 22:30:01,307 [JobControl] INFO  org.apache.hadoop.mapred.LocalDistributedCacheManager - Localized hdfs://namenode:8020/tmp/temp481099745/tmp-1094873591/joda-time-2.9.3.jar as file:/tmp/hadoop-root/mapred/local/job_local1592591111_0001_e1f9ad66-0240-4cfa-9377-334bb54769c9/joda-time-2.9.3.jar
2025-11-15 22:30:01,308 [JobControl] INFO  org.apache.hadoop.mapred.LocalDistributedCacheManager - Creating symlink: /tmp/hadoop-root/mapred/local/job_local1592591111_0001_e3d41cb7-178b-48fc-9e38-2ec387d3ca47/PigScriptUDF-77a94f4df0ed0b51ef54aaddbf6239b9.jar <- /opt/pig-0.17.0/scripts/PigScriptUDF-77a94f4df0ed0b51ef54aaddbf6239b9.jar
2025-11-15 22:30:01,309 [JobControl] INFO  org.apache.hadoop.mapred.LocalDistributedCacheManager - Localized hdfs://namenode:8020/tmp/temp481099745/tmp-1738814903/PigScriptUDF-77a94f4df0ed0b51ef54aaddbf6239b9.jar as file:/tmp/hadoop-root/mapred/local/job_local1592591111_0001_e3d41cb7-178b-48fc-9e38-2ec387d3ca47/PigScriptUDF-77a94f4df0ed0b51ef54aaddbf6239b9.jar
2025-11-15 22:30:01,349 [JobControl] INFO  org.apache.hadoop.mapred.LocalDistributedCacheManager - file:/tmp/hadoop-root/mapred/local/job_local1592591111_0001_ccab9877-4249-4c74-8a27-319b54812e44/pig-0.17.0-core-h2.jar
2025-11-15 22:30:01,349 [JobControl] INFO  org.apache.hadoop.mapred.LocalDistributedCacheManager - file:/tmp/hadoop-root/mapred/local/job_local1592591111_0001_e8b9d6be-b5ff-40ab-bdba-65a0491f3ef1/jython-standalone-2.7.0.jar
2025-11-15 22:30:01,350 [JobControl] INFO  org.apache.hadoop.mapred.LocalDistributedCacheManager - file:/tmp/hadoop-root/mapred/local/job_local1592591111_0001_b57d1695-ded8-4d62-9b37-b1f9fb2c369a/automaton-1.11-8.jar
2025-11-15 22:30:01,350 [JobControl] INFO  org.apache.hadoop.mapred.LocalDistributedCacheManager - file:/tmp/hadoop-root/mapred/local/job_local1592591111_0001_567d3e64-0cc1-494d-a7ea-055523aacd8b/antlr-runtime-3.4.jar
2025-11-15 22:30:01,350 [JobControl] INFO  org.apache.hadoop.mapred.LocalDistributedCacheManager - file:/tmp/hadoop-root/mapred/local/job_local1592591111_0001_e1f9ad66-0240-4cfa-9377-334bb54769c9/joda-time-2.9.3.jar
2025-11-15 22:30:01,350 [JobControl] INFO  org.apache.hadoop.mapred.LocalDistributedCacheManager - file:/tmp/hadoop-root/mapred/local/job_local1592591111_0001_e3d41cb7-178b-48fc-9e38-2ec387d3ca47/PigScriptUDF-77a94f4df0ed0b51ef54aaddbf6239b9.jar
2025-11-15 22:30:01,356 [JobControl] INFO  org.apache.hadoop.mapreduce.Job - The url to track the job: http://localhost:8080/
2025-11-15 22:30:01,357 [main] INFO  org.apache.pig.backend.hadoop.executionengine.mapReduceLayer.MapReduceLauncher - HadoopJobId: job_local1592591111_0001
2025-11-15 22:30:01,357 [main] INFO  org.apache.pig.backend.hadoop.executionengine.mapReduceLayer.MapReduceLauncher - Processing aliases BY_STATUS,BY_TOPIC,GRP_ALL,RAW,STATS_BY_STATUS,STATS_BY_TOPIC,STATS_GLOBAL,WITH_META
2025-11-15 22:30:01,357 [main] INFO  org.apache.pig.backend.hadoop.executionengine.mapReduceLayer.MapReduceLauncher - detailed locations: M: RAW[9,6],RAW[-1,-1],WITH_META[23,12],STATS_GLOBAL[37,15],GRP_ALL[36,10],STATS_BY_TOPIC[57,17],BY_TOPIC[56,11],STATS_BY_STATUS[73,18],BY_STATUS[72,12] C: STATS_GLOBAL[37,15],GRP_ALL[36,10],STATS_BY_TOPIC[57,17],BY_TOPIC[56,11],STATS_BY_STATUS[73,18],BY_STATUS[72,12] R: STATS_GLOBAL[37,15],STATS_GLOBAL[-1,-1],STATS_BY_TOPIC[57,17],STATS_BY_TOPIC[-1,-1],STATS_BY_STATUS[73,18],STATS_BY_STATUS[-1,-1]
2025-11-15 22:30:01,359 [Thread-23] INFO  org.apache.hadoop.mapred.LocalJobRunner - OutputCommitter set in config null
2025-11-15 22:30:01,366 [main] INFO  org.apache.pig.backend.hadoop.executionengine.mapReduceLayer.MapReduceLauncher - 0% complete
2025-11-15 22:30:01,366 [main] INFO  org.apache.pig.backend.hadoop.executionengine.mapReduceLayer.MapReduceLauncher - Running jobs are [job_local1592591111_0001]
2025-11-15 22:30:01,393 [Thread-23] INFO  org.apache.hadoop.conf.Configuration.deprecation - mapred.textoutputformat.separator is deprecated. Instead, use mapreduce.output.textoutputformat.separator
2025-11-15 22:30:01,395 [Thread-23] INFO  org.apache.hadoop.conf.Configuration.deprecation - mapred.reduce.tasks is deprecated. Instead, use mapreduce.job.reduces
2025-11-15 22:30:01,395 [Thread-23] INFO  org.apache.hadoop.conf.Configuration.deprecation - mapred.job.reduce.markreset.buffer.percent is deprecated. Instead, use mapreduce.reduce.markreset.buffer.percent
2025-11-15 22:30:01,399 [Thread-23] INFO  org.apache.hadoop.mapreduce.lib.output.FileOutputCommitter - File Output Committer Algorithm version is 2
2025-11-15 22:30:01,399 [Thread-23] INFO  org.apache.hadoop.mapreduce.lib.output.FileOutputCommitter - FileOutputCommitter skip cleanup _temporary folders under output directory:false, ignore cleanup failures: false
2025-11-15 22:30:01,402 [Thread-23] INFO  org.apache.hadoop.mapreduce.lib.output.FileOutputCommitter - File Output Committer Algorithm version is 2
2025-11-15 22:30:01,402 [Thread-23] INFO  org.apache.hadoop.mapreduce.lib.output.FileOutputCommitter - FileOutputCommitter skip cleanup _temporary folders under output directory:false, ignore cleanup failures: false
2025-11-15 22:30:01,406 [Thread-23] INFO  org.apache.hadoop.mapreduce.lib.output.FileOutputCommitter - File Output Committer Algorithm version is 2
2025-11-15 22:30:01,406 [Thread-23] INFO  org.apache.hadoop.mapreduce.lib.output.FileOutputCommitter - FileOutputCommitter skip cleanup _temporary folders under output directory:false, ignore cleanup failures: false
2025-11-15 22:30:01,406 [Thread-23] INFO  org.apache.hadoop.mapred.LocalJobRunner - OutputCommitter is org.apache.pig.backend.hadoop.executionengine.mapReduceLayer.PigOutputCommitter
2025-11-15 22:30:01,445 [Thread-23] INFO  org.apache.hadoop.mapred.LocalJobRunner - Waiting for map tasks
2025-11-15 22:30:01,445 [LocalJobRunner Map Task Executor #0] INFO  org.apache.hadoop.mapred.LocalJobRunner - Starting task: attempt_local1592591111_0001_m_000000_0
2025-11-15 22:30:01,488 [LocalJobRunner Map Task Executor #0] INFO  org.apache.hadoop.mapreduce.lib.output.FileOutputCommitter - File Output Committer Algorithm version is 2
2025-11-15 22:30:01,488 [LocalJobRunner Map Task Executor #0] INFO  org.apache.hadoop.mapreduce.lib.output.FileOutputCommitter - FileOutputCommitter skip cleanup _temporary folders under output directory:false, ignore cleanup failures: false
2025-11-15 22:30:01,490 [LocalJobRunner Map Task Executor #0] INFO  org.apache.hadoop.mapreduce.lib.output.FileOutputCommitter - File Output Committer Algorithm version is 2
2025-11-15 22:30:01,490 [LocalJobRunner Map Task Executor #0] INFO  org.apache.hadoop.mapreduce.lib.output.FileOutputCommitter - FileOutputCommitter skip cleanup _temporary folders under output directory:false, ignore cleanup failures: false
2025-11-15 22:30:01,492 [LocalJobRunner Map Task Executor #0] INFO  org.apache.hadoop.mapreduce.lib.output.FileOutputCommitter - File Output Committer Algorithm version is 2
2025-11-15 22:30:01,492 [LocalJobRunner Map Task Executor #0] INFO  org.apache.hadoop.mapreduce.lib.output.FileOutputCommitter - FileOutputCommitter skip cleanup _temporary folders under output directory:false, ignore cleanup failures: false
2025-11-15 22:30:01,508 [LocalJobRunner Map Task Executor #0] INFO  org.apache.hadoop.mapred.Task -  Using ResourceCalculatorProcessTree : [ ]
2025-11-15 22:30:01,513 [LocalJobRunner Map Task Executor #0] INFO  org.apache.hadoop.mapred.MapTask - Processing split: Number of splits :1
Total Length = 757645
Input split[0]:
   Length = 757645
   ClassName: org.apache.hadoop.mapreduce.lib.input.FileSplit
   Locations:

-----------------------

2025-11-15 22:30:01,523 [LocalJobRunner Map Task Executor #0] INFO  org.apache.pig.builtin.PigStorage - Using PigTextInputFormat
2025-11-15 22:30:01,527 [LocalJobRunner Map Task Executor #0] INFO  org.apache.pig.backend.hadoop.executionengine.mapReduceLayer.PigRecordReader - Current split being processed hdfs://namenode:8020/data/in/traffic/lru/uniform/traffic_lru_uniform.csv:0+757645
2025-11-15 22:30:01,550 [LocalJobRunner Map Task Executor #0] INFO  org.apache.hadoop.mapred.MapTask - (EQUATOR) 0 kvi 26214396(104857584)
2025-11-15 22:30:01,550 [LocalJobRunner Map Task Executor #0] INFO  org.apache.hadoop.mapred.MapTask - mapreduce.task.io.sort.mb: 100
2025-11-15 22:30:01,550 [LocalJobRunner Map Task Executor #0] INFO  org.apache.hadoop.mapred.MapTask - soft limit at 83886080
2025-11-15 22:30:01,550 [LocalJobRunner Map Task Executor #0] INFO  org.apache.hadoop.mapred.MapTask - bufstart = 0; bufvoid = 104857600
2025-11-15 22:30:01,550 [LocalJobRunner Map Task Executor #0] INFO  org.apache.hadoop.mapred.MapTask - kvstart = 26214396; length = 6553600
2025-11-15 22:30:01,554 [LocalJobRunner Map Task Executor #0] INFO  org.apache.hadoop.mapred.MapTask - Map output collector class = org.apache.hadoop.mapred.MapTask$MapOutputBuffer
2025-11-15 22:30:01,560 [LocalJobRunner Map Task Executor #0] INFO  org.apache.pig.impl.util.SpillableMemoryManager - Selected heap (PS Old Gen) of size 699400192 to monitor. collectionUsageThreshold = 489580128, usageThreshold = 489580128
2025-11-15 22:30:01,561 [LocalJobRunner Map Task Executor #0] INFO  org.apache.pig.data.SchemaTupleBackend - Key [pig.schematuple] was not set... will not generate code.
2025-11-15 22:30:01,584 [LocalJobRunner Map Task Executor #0] INFO  org.apache.pig.backend.hadoop.executionengine.mapReduceLayer.PigGenericMapReduce$Map - Aliases being processed per job phase (AliasName[line,offset]): M: RAW[9,6],RAW[-1,-1],WITH_META[23,12],STATS_GLOBAL[37,15],GRP_ALL[36,10],STATS_BY_TOPIC[57,17],BY_TOPIC[56,11],STATS_BY_STATUS[73,18],BY_STATUS[72,12] C: STATS_GLOBAL[37,15],GRP_ALL[36,10],STATS_BY_TOPIC[57,17],BY_TOPIC[56,11],STATS_BY_STATUS[73,18],BY_STATUS[72,12] R: STATS_GLOBAL[37,15],STATS_GLOBAL[-1,-1],STATS_BY_TOPIC[57,17],STATS_BY_TOPIC[-1,-1],STATS_BY_STATUS[73,18],STATS_BY_STATUS[-1,-1]
2025-11-15 22:30:02,108 [LocalJobRunner Map Task Executor #0] INFO  org.apache.hadoop.mapred.LocalJobRunner - 
2025-11-15 22:30:02,108 [LocalJobRunner Map Task Executor #0] INFO  org.apache.hadoop.mapred.MapTask - Starting flush of map output
2025-11-15 22:30:02,108 [LocalJobRunner Map Task Executor #0] INFO  org.apache.hadoop.mapred.MapTask - Spilling map output
2025-11-15 22:30:02,108 [LocalJobRunner Map Task Executor #0] INFO  org.apache.hadoop.mapred.MapTask - bufstart = 0; bufend = 685088; bufvoid = 104857600
2025-11-15 22:30:02,108 [LocalJobRunner Map Task Executor #0] INFO  org.apache.hadoop.mapred.MapTask - kvstart = 26214396(104857584); kvend = 26154388(104617552); length = 60009/6553600
2025-11-15 22:30:02,157 [LocalJobRunner Map Task Executor #0] INFO  org.apache.pig.backend.hadoop.executionengine.mapReduceLayer.PigCombiner$Combine - Aliases being processed per job phase (AliasName[line,offset]): M: RAW[9,6],RAW[-1,-1],WITH_META[23,12],STATS_GLOBAL[37,15],GRP_ALL[36,10],STATS_BY_TOPIC[57,17],BY_TOPIC[56,11],STATS_BY_STATUS[73,18],BY_STATUS[72,12] C: STATS_GLOBAL[37,15],GRP_ALL[36,10],STATS_BY_TOPIC[57,17],BY_TOPIC[56,11],STATS_BY_STATUS[73,18],BY_STATUS[72,12] R: STATS_GLOBAL[37,15],STATS_GLOBAL[-1,-1],STATS_BY_TOPIC[57,17],STATS_BY_TOPIC[-1,-1],STATS_BY_STATUS[73,18],STATS_BY_STATUS[-1,-1]
2025-11-15 22:30:02,260 [LocalJobRunner Map Task Executor #0] INFO  org.apache.hadoop.mapred.MapTask - Finished spill 0
2025-11-15 22:30:02,270 [LocalJobRunner Map Task Executor #0] INFO  org.apache.hadoop.mapred.Task - Task:attempt_local1592591111_0001_m_000000_0 is done. And is in the process of committing
2025-11-15 22:30:02,271 [LocalJobRunner Map Task Executor #0] INFO  org.apache.hadoop.mapred.LocalJobRunner - map
2025-11-15 22:30:02,271 [LocalJobRunner Map Task Executor #0] INFO  org.apache.hadoop.mapred.Task - Task 'attempt_local1592591111_0001_m_000000_0' done.
2025-11-15 22:30:02,276 [LocalJobRunner Map Task Executor #0] INFO  org.apache.hadoop.mapred.Task - Final Counters for attempt_local1592591111_0001_m_000000_0: Counters: 25
	File System Counters
		FILE: Number of bytes read=455
		FILE: Number of bytes written=43855015
		FILE: Number of read operations=0
		FILE: Number of large read operations=0
		FILE: Number of write operations=0
		HDFS: Number of bytes read=43536215
		HDFS: Number of bytes written=42778570
		HDFS: Number of read operations=65
		HDFS: Number of large read operations=0
		HDFS: Number of write operations=17
		HDFS: Number of bytes read erasure-coded=0
	Map-Reduce Framework
		Map input records=5001
		Map output records=15003
		Map output bytes=685088
		Map output materialized bytes=234
		Input split bytes=399
		Combine input records=15003
		Combine output records=5
		Spilled Records=5
		Failed Shuffles=0
		Merged Map outputs=0
		GC time elapsed (ms)=242
		Total committed heap usage (bytes)=643301376
	File Input Format Counters 
		Bytes Read=0
	org.apache.pig.PigWarning
		FIELD_DISCARDED_TYPE_CONVERSION_FAILED=3
2025-11-15 22:30:02,276 [LocalJobRunner Map Task Executor #0] INFO  org.apache.hadoop.mapred.LocalJobRunner - Finishing task: attempt_local1592591111_0001_m_000000_0
2025-11-15 22:30:02,276 [Thread-23] INFO  org.apache.hadoop.mapred.LocalJobRunner - map task executor complete.
2025-11-15 22:30:02,278 [Thread-23] INFO  org.apache.hadoop.mapred.LocalJobRunner - Waiting for reduce tasks
2025-11-15 22:30:02,278 [pool-7-thread-1] INFO  org.apache.hadoop.mapred.LocalJobRunner - Starting task: attempt_local1592591111_0001_r_000000_0
2025-11-15 22:30:02,295 [pool-7-thread-1] INFO  org.apache.hadoop.mapreduce.lib.output.FileOutputCommitter - File Output Committer Algorithm version is 2
2025-11-15 22:30:02,295 [pool-7-thread-1] INFO  org.apache.hadoop.mapreduce.lib.output.FileOutputCommitter - FileOutputCommitter skip cleanup _temporary folders under output directory:false, ignore cleanup failures: false
2025-11-15 22:30:02,299 [pool-7-thread-1] INFO  org.apache.hadoop.mapreduce.lib.output.FileOutputCommitter - File Output Committer Algorithm version is 2
2025-11-15 22:30:02,299 [pool-7-thread-1] INFO  org.apache.hadoop.mapreduce.lib.output.FileOutputCommitter - FileOutputCommitter skip cleanup _temporary folders under output directory:false, ignore cleanup failures: false
2025-11-15 22:30:02,302 [pool-7-thread-1] INFO  org.apache.hadoop.mapreduce.lib.output.FileOutputCommitter - File Output Committer Algorithm version is 2
2025-11-15 22:30:02,302 [pool-7-thread-1] INFO  org.apache.hadoop.mapreduce.lib.output.FileOutputCommitter - FileOutputCommitter skip cleanup _temporary folders under output directory:false, ignore cleanup failures: false
2025-11-15 22:30:02,307 [pool-7-thread-1] INFO  org.apache.hadoop.mapred.Task -  Using ResourceCalculatorProcessTree : [ ]
2025-11-15 22:30:02,309 [pool-7-thread-1] INFO  org.apache.hadoop.mapred.ReduceTask - Using ShuffleConsumerPlugin: org.apache.hadoop.mapreduce.task.reduce.Shuffle@1f405afa
2025-11-15 22:30:02,311 [pool-7-thread-1] WARN  org.apache.hadoop.metrics2.impl.MetricsSystemImpl - JobTracker metrics system already initialized!
2025-11-15 22:30:02,328 [pool-7-thread-1] INFO  org.apache.hadoop.mapreduce.task.reduce.MergeManagerImpl - MergerManager: memoryLimit=652528832, maxSingleShuffleLimit=163132208, mergeThreshold=430669056, ioSortFactor=10, memToMemMergeOutputsThreshold=10
2025-11-15 22:30:02,329 [EventFetcher for fetching Map Completion Events] INFO  org.apache.hadoop.mapreduce.task.reduce.EventFetcher - attempt_local1592591111_0001_r_000000_0 Thread started: EventFetcher for fetching Map Completion Events
2025-11-15 22:30:02,353 [localfetcher#1] INFO  org.apache.hadoop.mapreduce.task.reduce.LocalFetcher - localfetcher#1 about to shuffle output of map attempt_local1592591111_0001_m_000000_0 decomp: 230 len: 234 to MEMORY
2025-11-15 22:30:02,356 [localfetcher#1] INFO  org.apache.hadoop.mapreduce.task.reduce.InMemoryMapOutput - Read 230 bytes from map-output for attempt_local1592591111_0001_m_000000_0
2025-11-15 22:30:02,358 [localfetcher#1] INFO  org.apache.hadoop.mapreduce.task.reduce.MergeManagerImpl - closeInMemoryFile -> map-output of size: 230, inMemoryMapOutputs.size() -> 1, commitMemory -> 0, usedMemory ->230
2025-11-15 22:30:02,359 [EventFetcher for fetching Map Completion Events] INFO  org.apache.hadoop.mapreduce.task.reduce.EventFetcher - EventFetcher is interrupted.. Returning
2025-11-15 22:30:02,359 [pool-7-thread-1] INFO  org.apache.hadoop.mapred.LocalJobRunner - 1 / 1 copied.
2025-11-15 22:30:02,359 [pool-7-thread-1] INFO  org.apache.hadoop.mapreduce.task.reduce.MergeManagerImpl - finalMerge called with 1 in-memory map-outputs and 0 on-disk map-outputs
2025-11-15 22:30:02,365 [pool-7-thread-1] INFO  org.apache.hadoop.mapred.Merger - Merging 1 sorted segments
2025-11-15 22:30:02,365 [pool-7-thread-1] INFO  org.apache.hadoop.mapred.Merger - Down to the last merge-pass, with 1 segments left of total size: 222 bytes
2025-11-15 22:30:02,366 [pool-7-thread-1] INFO  org.apache.hadoop.mapreduce.task.reduce.MergeManagerImpl - Merged 1 segments, 230 bytes to disk to satisfy reduce memory limit
2025-11-15 22:30:02,367 [pool-7-thread-1] INFO  org.apache.hadoop.mapreduce.task.reduce.MergeManagerImpl - Merging 1 files, 234 bytes from disk
2025-11-15 22:30:02,367 [pool-7-thread-1] INFO  org.apache.hadoop.mapreduce.task.reduce.MergeManagerImpl - Merging 0 segments, 0 bytes from memory into reduce
2025-11-15 22:30:02,367 [pool-7-thread-1] INFO  org.apache.hadoop.mapred.Merger - Merging 1 sorted segments
2025-11-15 22:30:02,368 [pool-7-thread-1] INFO  org.apache.hadoop.mapred.Merger - Down to the last merge-pass, with 1 segments left of total size: 222 bytes
2025-11-15 22:30:02,368 [pool-7-thread-1] INFO  org.apache.hadoop.mapred.LocalJobRunner - 1 / 1 copied.
2025-11-15 22:30:02,371 [pool-7-thread-1] INFO  org.apache.hadoop.conf.Configuration.deprecation - mapred.skip.on is deprecated. Instead, use mapreduce.job.skiprecords
2025-11-15 22:30:02,371 [pool-7-thread-1] INFO  org.apache.pig.impl.util.SpillableMemoryManager - Selected heap (PS Old Gen) of size 699400192 to monitor. collectionUsageThreshold = 489580128, usageThreshold = 489580128
2025-11-15 22:30:02,371 [pool-7-thread-1] WARN  org.apache.pig.data.SchemaTupleBackend - SchemaTupleBackend has already been initialized
2025-11-15 22:30:02,396 [pool-7-thread-1] INFO  org.apache.pig.backend.hadoop.executionengine.mapReduceLayer.PigMapReduce$Reduce - Aliases being processed per job phase (AliasName[line,offset]): M: RAW[9,6],RAW[-1,-1],WITH_META[23,12],STATS_GLOBAL[37,15],GRP_ALL[36,10],STATS_BY_TOPIC[57,17],BY_TOPIC[56,11],STATS_BY_STATUS[73,18],BY_STATUS[72,12] C: STATS_GLOBAL[37,15],GRP_ALL[36,10],STATS_BY_TOPIC[57,17],BY_TOPIC[56,11],STATS_BY_STATUS[73,18],BY_STATUS[72,12] R: STATS_GLOBAL[37,15],STATS_GLOBAL[-1,-1],STATS_BY_TOPIC[57,17],STATS_BY_TOPIC[-1,-1],STATS_BY_STATUS[73,18],STATS_BY_STATUS[-1,-1]
2025-11-15 22:30:02,401 [pool-7-thread-1] INFO  org.apache.hadoop.mapreduce.lib.output.FileOutputCommitter - File Output Committer Algorithm version is 2
2025-11-15 22:30:02,401 [pool-7-thread-1] INFO  org.apache.hadoop.mapreduce.lib.output.FileOutputCommitter - FileOutputCommitter skip cleanup _temporary folders under output directory:false, ignore cleanup failures: false
2025-11-15 22:30:02,412 [pool-7-thread-1] INFO  org.apache.hadoop.mapreduce.lib.output.FileOutputCommitter - File Output Committer Algorithm version is 2
2025-11-15 22:30:02,412 [pool-7-thread-1] INFO  org.apache.hadoop.mapreduce.lib.output.FileOutputCommitter - FileOutputCommitter skip cleanup _temporary folders under output directory:false, ignore cleanup failures: false
2025-11-15 22:30:02,418 [pool-7-thread-1] INFO  org.apache.hadoop.mapreduce.lib.output.FileOutputCommitter - File Output Committer Algorithm version is 2
2025-11-15 22:30:02,418 [pool-7-thread-1] INFO  org.apache.hadoop.mapreduce.lib.output.FileOutputCommitter - FileOutputCommitter skip cleanup _temporary folders under output directory:false, ignore cleanup failures: false
2025-11-15 22:30:02,435 [Thread-63] INFO  org.apache.hadoop.hdfs.protocol.datatransfer.sasl.SaslDataTransferClient - SASL encryption trust check: localHostTrusted = false, remoteHostTrusted = false
2025-11-15 22:30:02,445 [Thread-64] INFO  org.apache.hadoop.hdfs.protocol.datatransfer.sasl.SaslDataTransferClient - SASL encryption trust check: localHostTrusted = false, remoteHostTrusted = false
2025-11-15 22:30:02,508 [main] INFO  org.apache.pig.backend.hadoop.executionengine.mapReduceLayer.MapReduceLauncher - 50% complete
2025-11-15 22:30:02,508 [main] INFO  org.apache.pig.backend.hadoop.executionengine.mapReduceLayer.MapReduceLauncher - Running jobs are [job_local1592591111_0001]
2025-11-15 22:30:02,862 [Thread-65] INFO  org.apache.hadoop.hdfs.protocol.datatransfer.sasl.SaslDataTransferClient - SASL encryption trust check: localHostTrusted = false, remoteHostTrusted = false
2025-11-15 22:30:02,876 [pool-7-thread-1] INFO  org.apache.hadoop.mapred.Task - Task:attempt_local1592591111_0001_r_000000_0 is done. And is in the process of committing
2025-11-15 22:30:02,896 [pool-7-thread-1] INFO  org.apache.hadoop.mapred.LocalJobRunner - 1 / 1 copied.
2025-11-15 22:30:02,896 [pool-7-thread-1] INFO  org.apache.hadoop.mapred.Task - Task attempt_local1592591111_0001_r_000000_0 is allowed to commit now
2025-11-15 22:30:02,942 [pool-7-thread-1] INFO  org.apache.hadoop.mapreduce.lib.output.FileOutputCommitter - Saved output of task 'attempt_local1592591111_0001_r_000000_0' to hdfs://namenode:8020/data/out/traffic/lru/uniform/stats_global_lru_uniform
2025-11-15 22:30:02,963 [pool-7-thread-1] INFO  org.apache.hadoop.mapreduce.lib.output.FileOutputCommitter - Saved output of task 'attempt_local1592591111_0001_r_000000_0' to hdfs://namenode:8020/data/out/traffic/lru/uniform/stats_by_topic_lru_uniform
2025-11-15 22:30:02,980 [pool-7-thread-1] INFO  org.apache.hadoop.mapreduce.lib.output.FileOutputCommitter - Saved output of task 'attempt_local1592591111_0001_r_000000_0' to hdfs://namenode:8020/data/out/traffic/lru/uniform/stats_by_status_lru_uniform
2025-11-15 22:30:02,983 [pool-7-thread-1] INFO  org.apache.hadoop.mapred.LocalJobRunner - reduce > reduce
2025-11-15 22:30:02,984 [pool-7-thread-1] INFO  org.apache.hadoop.mapred.Task - Task 'attempt_local1592591111_0001_r_000000_0' done.
2025-11-15 22:30:02,985 [pool-7-thread-1] INFO  org.apache.hadoop.mapred.Task - Final Counters for attempt_local1592591111_0001_r_000000_0: Counters: 33
	File System Counters
		FILE: Number of bytes read=955
		FILE: Number of bytes written=43855249
		FILE: Number of read operations=0
		FILE: Number of large read operations=0
		FILE: Number of write operations=0
		HDFS: Number of bytes read=43536215
		HDFS: Number of bytes written=42778828
		HDFS: Number of read operations=78
		HDFS: Number of large read operations=0
		HDFS: Number of write operations=23
		HDFS: Number of bytes read erasure-coded=0
	Map-Reduce Framework
		Combine input records=0
		Combine output records=0
		Reduce input groups=5
		Reduce shuffle bytes=234
		Reduce input records=5
		Reduce output records=0
		Spilled Records=5
		Shuffled Maps =1
		Failed Shuffles=0
		Merged Map outputs=1
		GC time elapsed (ms)=0
		Total committed heap usage (bytes)=643301376
	MultiStoreCounters
		Output records in _0_stats_global_lru_uniform=1
		Output records in _1_stats_by_topic_lru_uniform=2
		Output records in _2_stats_by_status_lru_uniform=2
	Shuffle Errors
		BAD_ID=0
		CONNECTION=0
		IO_ERROR=0
		WRONG_LENGTH=0
		WRONG_MAP=0
		WRONG_REDUCE=0
	File Output Format Counters 
		Bytes Written=0
2025-11-15 22:30:02,986 [pool-7-thread-1] INFO  org.apache.hadoop.mapred.LocalJobRunner - Finishing task: attempt_local1592591111_0001_r_000000_0
2025-11-15 22:30:02,986 [Thread-23] INFO  org.apache.hadoop.mapred.LocalJobRunner - reduce task executor complete.
2025-11-15 22:30:03,008 [main] INFO  org.apache.pig.backend.hadoop.executionengine.mapReduceLayer.MapReduceLauncher - Running jobs are [job_local1592591111_0001]
2025-11-15 22:30:06,515 [main] WARN  org.apache.hadoop.metrics2.impl.MetricsSystemImpl - JobTracker metrics system already initialized!
2025-11-15 22:30:06,535 [main] WARN  org.apache.hadoop.metrics2.impl.MetricsSystemImpl - JobTracker metrics system already initialized!
2025-11-15 22:30:06,537 [main] INFO  org.apache.hadoop.conf.Configuration.deprecation - mapred.map.tasks is deprecated. Instead, use mapreduce.job.maps
2025-11-15 22:30:06,538 [main] WARN  org.apache.hadoop.metrics2.impl.MetricsSystemImpl - JobTracker metrics system already initialized!
2025-11-15 22:30:06,569 [main] INFO  org.apache.pig.tools.pigstats.JobStats - using output size reader: org.apache.pig.backend.hadoop.executionengine.mapReduceLayer.FileBasedOutputSizeReader
2025-11-15 22:30:06,571 [main] INFO  org.apache.pig.tools.pigstats.JobStats - using output size reader: org.apache.pig.backend.hadoop.executionengine.mapReduceLayer.FileBasedOutputSizeReader
2025-11-15 22:30:06,572 [main] INFO  org.apache.pig.tools.pigstats.JobStats - using output size reader: org.apache.pig.backend.hadoop.executionengine.mapReduceLayer.FileBasedOutputSizeReader
2025-11-15 22:30:06,574 [main] INFO  org.apache.pig.backend.hadoop.executionengine.mapReduceLayer.MapReduceLauncher - 100% complete
2025-11-15 22:30:06,577 [main] INFO  org.apache.pig.tools.pigstats.mapreduce.SimplePigStats - Script Statistics: 

HadoopVersion	PigVersion	UserId	StartedAt	FinishedAt	Features
3.2.1	0.17.0	root	2025-11-15 22:30:00	2025-11-15 22:30:06	GROUP_BY

Success!

Job Stats (time in seconds):
JobId	Maps	Reduces	MaxMapTime	MinMapTime	AvgMapTime	MedianMapTime	MaxReduceTime	MinReduceTime	AvgReduceTime	MedianReducetime	Alias	Feature	Outputs
job_local1592591111_0001	1	1	n/a	n/a	n/a	n/a	n/a	n/a	n/a	n/a	BY_STATUS,BY_TOPIC,GRP_ALL,RAW,STATS_BY_STATUS,STATS_BY_TOPIC,STATS_GLOBAL,WITH_META	MULTI_QUERY,COMBINER	/data/out/traffic/lru/uniform/stats_global_lru_uniform,/data/out/traffic/lru/uniform/stats_by_topic_lru_uniform,/data/out/traffic/lru/uniform/stats_by_status_lru_uniform,

Input(s):
Successfully read 5001 records (87072430 bytes) from: "/data/in/traffic/lru/uniform/traffic_lru_uniform.csv"

Output(s):
Successfully stored 1 records (88 bytes) in: "/data/out/traffic/lru/uniform/stats_global_lru_uniform"
Successfully stored 2 records (86 bytes) in: "/data/out/traffic/lru/uniform/stats_by_topic_lru_uniform"
Successfully stored 2 records (84 bytes) in: "/data/out/traffic/lru/uniform/stats_by_status_lru_uniform"

Counters:
Total records written : 5
Total bytes written : 258
Spillable Memory Manager spill count : 0
Total bags proactively spilled: 0
Total records proactively spilled: 0

Job DAG:
job_local1592591111_0001


2025-11-15 22:30:06,579 [main] WARN  org.apache.hadoop.metrics2.impl.MetricsSystemImpl - JobTracker metrics system already initialized!
2025-11-15 22:30:06,581 [main] WARN  org.apache.hadoop.metrics2.impl.MetricsSystemImpl - JobTracker metrics system already initialized!
2025-11-15 22:30:06,582 [main] WARN  org.apache.hadoop.metrics2.impl.MetricsSystemImpl - JobTracker metrics system already initialized!
2025-11-15 22:30:06,586 [main] WARN  org.apache.pig.backend.hadoop.executionengine.mapReduceLayer.MapReduceLauncher - Encountered Warning FIELD_DISCARDED_TYPE_CONVERSION_FAILED 3 time(s).
2025-11-15 22:30:06,586 [main] INFO  org.apache.pig.backend.hadoop.executionengine.mapReduceLayer.MapReduceLauncher - Success!
2025-11-15 22:30:06,604 [main] INFO  org.apache.pig.Main - Pig script completed in 10 seconds and 678 milliseconds (10678 ms)
