Pig Stack Trace
---------------
ERROR 1121: Python Error.   File "<string>", line None
SyntaxError: Non-ASCII character in file '/opt/pig-0.17.0/scripts/udf/text_utils.py', but no encoding declared; see http://www.python.org/peps/pep-0263.html for details

org.apache.pig.backend.executionengine.ExecException: ERROR 1121: Python Error.   File "<string>", line None
SyntaxError: Non-ASCII character in file '/opt/pig-0.17.0/scripts/udf/text_utils.py', but no encoding declared; see http://www.python.org/peps/pep-0263.html for details

	at org.apache.pig.scripting.jython.JythonScriptEngine$Interpreter.execfile(JythonScriptEngine.java:249)
	at org.apache.pig.scripting.jython.JythonScriptEngine$Interpreter.init(JythonScriptEngine.java:163)
	at org.apache.pig.scripting.jython.JythonScriptEngine.registerFunctions(JythonScriptEngine.java:344)
	at org.apache.pig.PigServer.registerCode(PigServer.java:693)
	at org.apache.pig.parser.RegisterResolver.parseRegister(RegisterResolver.java:57)
	at org.apache.pig.tools.grunt.GruntParser.processRegister(GruntParser.java:464)
	at org.apache.pig.tools.pigscript.parser.PigScriptParser.parse(PigScriptParser.java:557)
	at org.apache.pig.tools.grunt.GruntParser.parseStopOnError(GruntParser.java:230)
	at org.apache.pig.tools.grunt.GruntParser.parseStopOnError(GruntParser.java:205)
	at org.apache.pig.tools.grunt.Grunt.exec(Grunt.java:81)
	at org.apache.pig.Main.run(Main.java:500)
	at org.apache.pig.Main.main(Main.java:175)
	at sun.reflect.NativeMethodAccessorImpl.invoke0(Native Method)
	at sun.reflect.NativeMethodAccessorImpl.invoke(NativeMethodAccessorImpl.java:62)
	at sun.reflect.DelegatingMethodAccessorImpl.invoke(DelegatingMethodAccessorImpl.java:43)
	at java.lang.reflect.Method.invoke(Method.java:498)
	at org.apache.hadoop.util.RunJar.run(RunJar.java:323)
	at org.apache.hadoop.util.RunJar.main(RunJar.java:236)
Caused by:   File "<string>", line None
SyntaxError: Non-ASCII character in file '/opt/pig-0.17.0/scripts/udf/text_utils.py', but no encoding declared; see http://www.python.org/peps/pep-0263.html for details

	at org.python.core.Py.SyntaxError(Py.java:198)
	at org.python.core.ParserFacade.fixParseError(ParserFacade.java:105)
	at org.python.core.ParserFacade.parse(ParserFacade.java:190)
	at org.python.core.Py.compile_flags(Py.java:1956)
	at org.python.util.PythonInterpreter.execfile(PythonInterpreter.java:296)
	at org.apache.pig.scripting.jython.JythonScriptEngine$Interpreter.execfile(JythonScriptEngine.java:217)
	... 17 more
================================================================================
