Pig Stack Trace
---------------
ERROR 2997: Encountered IOException. File /opt/pig/udf/text_utils.py does not exist

java.io.FileNotFoundException: File /opt/pig/udf/text_utils.py does not exist
	at org.apache.hadoop.fs.RawLocalFileSystem.deprecatedGetFileStatus(RawLocalFileSystem.java:666)
	at org.apache.hadoop.fs.RawLocalFileSystem.getFileLinkStatusInternal(RawLocalFileSystem.java:987)
	at org.apache.hadoop.fs.RawLocalFileSystem.getFileStatus(RawLocalFileSystem.java:656)
	at org.apache.hadoop.fs.FilterFileSystem.getFileStatus(FilterFileSystem.java:454)
	at org.apache.pig.impl.io.FileLocalizer.fetchFilesInternal(FileLocalizer.java:818)
	at org.apache.pig.impl.io.FileLocalizer.fetchFile(FileLocalizer.java:756)
	at org.apache.pig.PigServer.registerCode(PigServer.java:667)
	at org.apache.pig.parser.RegisterResolver.parseRegister(RegisterResolver.java:57)
	at org.apache.pig.tools.grunt.GruntParser.processRegister(GruntParser.java:464)
	at org.apache.pig.tools.pigscript.parser.PigScriptParser.parse(PigScriptParser.java:557)
	at org.apache.pig.tools.grunt.GruntParser.parseStopOnError(GruntParser.java:230)
	at org.apache.pig.tools.grunt.GruntParser.parseStopOnError(GruntParser.java:205)
	at org.apache.pig.tools.grunt.Grunt.exec(Grunt.java:81)
	at org.apache.pig.Main.run(Main.java:500)
	at org.apache.pig.Main.main(Main.java:175)
	at sun.reflect.NativeMethodAccessorImpl.invoke0(Native Method)
	at sun.reflect.NativeMethodAccessorImpl.invoke(NativeMethodAccessorImpl.java:62)
	at sun.reflect.DelegatingMethodAccessorImpl.invoke(DelegatingMethodAccessorImpl.java:43)
	at java.lang.reflect.Method.invoke(Method.java:498)
	at org.apache.hadoop.util.RunJar.run(RunJar.java:323)
	at org.apache.hadoop.util.RunJar.main(RunJar.java:236)
================================================================================
